******************************************************************************
                  TI ARM Linker PC v18.12.3                    
******************************************************************************
>> Linked Mon Mar  9 15:03:48 2020

OUTPUT FILE NAME:   <zc_thermostat_CC26X2R1_LAUNCHXL_tirtos_ccs.out>
ENTRY POINT SYMBOL: "ResetISR"  address: 0002327d


MEMORY CONFIGURATION

         name            origin    length      used     unused   attr    fill
----------------------  --------  ---------  --------  --------  ----  --------
  FLASH                 00000000   00052000  0002e270  00023d90  R  X
  FLASH_NV              00052000   00004000  00004000  00000000  RW X
  FLASH_LAST            00056000   00002000  00000058  00001fa8  R  X
  SRAM                  20000000   00014000  00005260  0000eda0  RW X


SEGMENT ALLOCATION MAP

run origin  load origin   length   init length attrs members
----------  ----------- ---------- ----------- ----- -------
00000000    00000000    0002e278   0002e278    r-x
  00000000    00000000    0000003c   0000003c    r-- .resetVecs
  00000040    00000040    0002b934   0002b934    r-x .text
  0002b974    0002b974    00002390   00002390    r-- .const
  0002dd04    0002dd04    000000d0   000000d0    r-- config_const
  0002ddd8    0002ddd8    000004a0   000004a0    r-- .cinit
00052000    00052000    00004000   00000000    rw-
  00052000    00052000    00004000   00000000    rw- .TI.bound:flashBuf0
00057fa8    00057fa8    00000058   00000058    r--
  00057fa8    00057fa8    00000058   00000058    r-- .ccfg
20000100    20000100    0000001c   00000000    rw-
  20000100    20000100    00000004   00000000    rw- .data:xdcRomConstPtr
  20000104    20000104    00000004   00000000    rw- .data:xdcRomExternFuncPtr
  20000108    20000108    00000004   00000000    rw- .data:xdcRomStatePtr
  2000010c    2000010c    00000010   00000000    rw- .data:RAM_MAC_BASE_ADDR
20001830    20001830    00000010   00000000    rw-
  20001830    20001830    00000010   00000000    rw- .TI.bound:dmaSpi0RxControlTableEntry
20001840    20001840    00000010   00000000    rw-
  20001840    20001840    00000010   00000000    rw- .TI.bound:dmaSpi0TxControlTableEntry
20001900    20001900    00000010   00000000    rw-
  20001900    20001900    00000010   00000000    rw- .TI.bound:dmaSpi1RxControlTableEntry
20001910    20001910    00000010   00000000    rw-
  20001910    20001910    00000010   00000000    rw- .TI.bound:dmaSpi1TxControlTableEntry
20001a30    20001a30    00000010   00000000    rw-
  20001a30    20001a30    00000010   00000000    rw- .TI.bound:dmaSpi0RxAltControlTableEntry
20001a40    20001a40    00000010   00000000    rw-
  20001a40    20001a40    00000010   00000000    rw- .TI.bound:dmaSpi0TxAltControlTableEntry
20001b00    20001b00    00000010   00000000    rw-
  20001b00    20001b00    00000010   00000000    rw- .TI.bound:dmaSpi1RxAltControlTableEntry
20001b10    20001b10    00004afc   00000000    rw-
  20001b10    20001b10    00000010   00000000    rw- .TI.bound:dmaSpi1TxAltControlTableEntry
  20001b20    20001b20    0000382a   00000000    rw- .data
  20005350    20005350    000012bc   00000000    rw- .bss
20013a00    20013a00    00000600   00000000    rw-
  20013a00    20013a00    00000600   00000000    rw- .stack


SECTION ALLOCATION MAP

 output                                  attributes/
section   page    origin      length       input sections
--------  ----  ----------  ----------   ----------------
.text      0    00000040    0002b934     
                  00000040    00001640     zstacktask.obj (.text:appMsg$39)
                  00001680    000008b0     libZStack_nwk_zr_ccs.a : nwk.obj (.text:nwk_data_ind_processing$74)
                  00001f30    000008b0                            : nwk.obj (.text:nwk_event_loop)
                  000027e0    00000880                            : nwk.obj (.text:NwkCommandPktProcessing$74)
                  00003060    00000868     zstackstartup.obj (.text:stackInit$7)
                  000038c8    00000724     main.obj (.text:taskFxn)
                  00003fec    00000650     maclib_nosecure_cc26x2_2_4g.a : mac.obj (.text:macRxCbIeee$87)
                  0000463c    00000628     zd_app.obj (.text:ZDOInitDeviceEx)
                  00004c64    000005a0     gp_proxy.obj (.text:gp_dataIndProxy)
                  00005204    00000518     zd_app.obj (.text:ZDApp_event_loop)
                  0000571c    0000049a     nvocmp.obj (.text:NVOCMP_initNvApi$4)
                  00005bb6    00000002     gp_proxy.obj (.text:GP_DataCnf)
                  00005bb8    00000494     rf_multiMode_cc26x2.aem4f : RFCC26X2_multiMode.c.cc26x2.ccs.o (.text:RF_fsmActiveState)
                  0000604c    00000458     bdb.obj (.text:bdb_event_loop)
                  000064a4    000003f0     libZStack_nwk_zr_ccs.a : aps_frag.obj (.text:APSF_ProcessEvent)
                  00006894    000003e0                            : nl_mede_cb.obj (.text:NLDE_DataIndication)
                  00006c74    00000398     zcl_samplethermostat.obj (.text:zclSampleThermostat_Init$13)
                  0000700c    00000340     gp_proxy_table.obj (.text:gp_UpdateProxyTbl)
                  0000734c    0000033c     libZStack_nwk_zr_ccs.a : aps.obj (.text:APS_event_loop)
                  00007688    00000328     bdb.obj (.text:bdb_StartCommissioning)
                  000079b0    00000320     zd_app.obj (.text:ZDApp_ProcessMsgCBs)
                  00007cd0    00000320     libZStack_nwk_zr_ccs.a : dgp_stub.obj (.text:gp_event_loop)
                  00007ff0    0000031c     zstacktask.obj (.text:processSysConfigReadReq$39)
                  0000830c    0000031c     zstacktask.obj (.text:processSysConfigWriteReq$39)
                  00008628    00000308     zd_object.obj (.text:ZDO_ProcessMgmtLqiReq)
                  00008930    000002fc     zcl_hvac.obj (.text:zclHVAC_HdlIncoming$26)
                  00008c2c    000002f8     zstacktask.obj (.text:processDevZDOCBReq$39)
                  00008f24    000002f4     zd_nwk_mgr.obj (.text:ZDNwkMgr_event_loop)
                  00009218    000002ec     drivers_cc26x2.aem4f : SPICC26X2DMA.oem4f (.text:SPICC26X2DMA_transfer)
                  00009504    000002cc     nvocmp.obj (.text:NVOCMP_compact$4)
                  000097d0    000002c0     zmac_cb.obj (.text:MAC_CbackEvent)
                  00009a90    000002c0     mac_user_config.obj (.text:rfSelect)
                  00009d50    000002bc     libZStack_nwk_zr_ccs.a : aps_mede.obj (.text:APSME_FrameSecRemoveCM$68)
                  0000a00c    000002a8                            : nwk.obj (.text:nwk_data_cnf_processing$74)
                  0000a2b4    0000029c     nvocmp.obj (.text:NVOCMP_compactPage$4)
                  0000a550    00000288     bdb.obj (.text:bdb_reportCommissioningState)
                  0000a7d8    00000288     gp_proxy_table.obj (.text:pt_ZclReadGetProxyEntry)
                  0000aa60    00000280     zcl.obj (.text:zclProcessInDiscAttrs$22)
                  0000ace0    0000027c     binding_table.obj (.text:bindAddEntry)
                  0000af5c    0000027c     libZStack_nwk_zr_ccs.a : dgp_stub.obj (.text:dGP_DataInd)
                  0000b1d8    0000027c     gp_proxy_table.obj (.text:gp_PairingUpdateProxyTbl)
                  0000b454    00000278     zstacktask.obj (.text:zsProcessZDOMsgs$39)
                  0000b6cc    0000026c     nvocmp.obj (.text:NVOCMP_newItem$4)
                  0000b938    00000268     gp_proxy.obj (.text:zclGp_GpProxyTableReqCB)
                  0000bba0    00000264     libZStack_nwk_zr_ccs.a : dgp_stub.obj (.text:gp_scheduleGPDFTransmission$63)
                  0000be04    0000025c     drivers_cc26x2.aem4f : SPICC26X2DMA.oem4f (.text:SPICC26X2DMA_hwiFxn)
                  0000c060    00000258     zcl.obj (.text:zcl_ProcessMessageMSG)
                  0000c2b8    00000238     maclib_nosecure_cc26x2_2_4g.a : mac_pwr.obj (.text:macPwrVote)
                  0000c4f0    00000234     cui.obj (.text:CUI_init)
                  0000c724    0000022c     libZStack_nwk_zr_ccs.a : nl_mede.obj (.text:NLDE_DataReq)
                  0000c950    00000224                            : aps.obj (.text:APS_DataIndReflect$65)
                  0000cb74    00000220     zstacktask.obj (.text:ZStackTaskProcessEvent)
                  0000cd94    00000218     zcl.obj (.text:zclProcessInWriteUndividedCmd$22)
                  0000cfac    00000214     zd_object.obj (.text:ZDO_ProcessMatchDescReq)
                  0000d1c0    00000210     libZStack_nwk_zr_ccs.a : aps.obj (.text:APS_Reflect$65)
                  0000d3d0    00000208     zd_profile.obj (.text:zdpProcessAddrReq)
                  0000d5d8    00000204     rf_multiMode_cc26x2.aem4f : RFCC26X2_multiMode.c.cc26x2.ccs.o (.text:RF_scheduleCmd)
                  0000d7dc    00000200                               : RFCC26X2_multiMode.c.cc26x2.ccs.o (.text:RF_open)
                  0000d9dc    000001fc     libZStack_nwk_zr_ccs.a : aps_mede.obj (.text:APSDE_DataReq)
                  0000dbd8    000001f8                            : aps_mede.obj (.text:APSME_FrameSecSetupCM$68)
                  0000ddd0    000001f8                            : nwk.obj (.text:nwk_associate_ind_processing$74)
                  0000dfc8    000001ec     zcl_green_power.obj (.text:gp_addPairedSinksToMsgQueue$24)
                  0000e1b4    000001e8     zmac.obj (.text:ZMacEventLoop)
                  0000e39c    000001dc     libZStack_nwk_zr_ccs.a : aps_mede.obj (.text:APSME_TransportKeyReq)
                  0000e578    000001dc     bdb_reporting.obj (.text:bdb_RepReport$43)
                  0000e754    000001dc     libZStack_nwk_zr_ccs.a : ssp_hash.obj (.text:sspMMOHash)
                  0000e930    000001d8     af.obj (.text:AF_DataRequest)
                  0000eb08    000001d8     maclib_nosecure_cc26x2_2_4g.a : mac_tx.obj (.text:macTxFrame)
                  0000ece0    000001d4     libZStack_nwk_zr_ccs.a : dgp_stub.obj (.text:gp_ccmStar)
                  0000eeb4    000001cc     zcl_sampleapps_ui.obj (.text:UI_DeviceStateUpdated)
                  0000f080    000001c8     maclib_nosecure_cc26x2_2_4g.a : mac.obj (.text:macSendReceiveCmdIeee)
                  0000f248    000001c8     libZStack_nwk_zr_ccs.a : nwk_bufs.obj (.text:nwk_MacDataBuffersAdd)
                  0000f410    000001c8     zcl.obj (.text:zclProcessInReadCmd$22)
                  0000f5d8    000001c4     drivers_cc26x2.aem4f : PINCC26XX.oem4f (.text:PIN_init)
                  0000f79c    000001bc     maclib_nosecure_cc26x2_2_4g.a : mac_radio_tx.obj (.text:macRadioCsmaTxCbIeee$97)
                  0000f958    000001b8     libZStack_nwk_zr_ccs.a : nwk_util.obj (.text:NLME_LeaveCmdProcess)
                  0000fb10    000001b8     gp_proxy.obj (.text:gp_ZclPairingParse$17)
                  0000fcc8    000001b6     rtsv7M4_T_le_v4SPD16_eabi.lib : fd_add_t2.asm.obj (.text)
                  0000fe7e    00000002     drivers_cc26x2.aem4f : LED.oem4f (.text:LED_init)
                  0000fe80    000001b0     gp_proxy.obj (.text:zclGp_GpResponseCommandCB)
                  00010030    000001ac     maclib_nosecure_cc26x2_2_4g.a : mac_hl_patch.obj (.text:macRxBeaconCritical)
                  000101dc    000001a8     drivers_cc26x2.aem4f : PowerCC26X2.oem4f (.text:Power_sleep)
                  00010384    000001a8     zd_object.obj (.text:ZDMatchSendState)
                  0001052c    000001a8     zstacktask.obj (.text:processAfRegisterReq$39)
                  000106d4    000001a4     maclib_nosecure_cc26x2_2_4g.a : mac_hl_patch.obj (.text:macWrapperDeleteKeyAndAssociatedDevices)
                  00010878    000001a0     bdb_reporting.obj (.text:bdb_repAttrBuildClusterEndPointArrayBasedOnConfRecordsArray$43)
                  00010a18    0000019c     zcl.obj (.text:zcl_SendCommandEx)
                  00010bb4    00000194     libZStack_nwk_zr_ccs.a : nwk_util.obj (.text:NLME_CheckNewAddrSet)
                  00010d48    00000190     rf_multiMode_cc26x2.aem4f : RFCC26X2_multiMode.c.cc26x2.ccs.o (.text:RF_dispatchNextCmd)
                  00010ed8    00000190     drivers_cc26x2.aem4f : PowerCC26X2_calibrateRCOSC.oem4f (.text:calibrateRcoscHf1)
                  00011068    0000018c                          : PowerCC26X2.oem4f (.text:Power_init)
                  000111f4    0000018c                          : PowerCC26X2_calibrateRCOSC.oem4f (.text:runCalibrateFsm)
                  00011380    0000018c     gp_proxy.obj (.text:zclGp_DataIndParse$17)
                  0001150c    00000188     maclib_nosecure_cc26x2_2_4g.a : mac_radio_tx.obj (.text:macRadioTxGoIeee$97)
                  00011694    00000186     drivers_cc26x2.aem4f : Button.oem4f (.text:Button_clockTimeoutHandler)
                  0001181a    00000002     libZStack_nwk_zr_ccs.a : nwk_util.obj (.text:NLME_NetworkReportCB$76)
                  0001181c    00000184     zcl_sampleapps_ui.obj (.text:generateBdbInfoString$10)
                  000119a0    00000178     libZStack_nwk_zr_ccs.a : dgp_stub.obj (.text:GP_DataReq)
                  00011b18    00000178     zd_object.obj (.text:ZDO_ProcessBindUnbindReq)
                  00011c90    00000174     drivers_cc26x2.aem4f : SPICC26X2DMA.oem4f (.text:configNextTransfer)
                  00011e04    00000170                          : SPICC26X2DMA.oem4f (.text:SPICC26X2DMA_transferCancel)
                  00011f74    0000016c     maclib_nosecure_cc26x2_2_4g.a : mac_tx.obj (.text:txCsmaDelay)
                  000120e0    00000168     drivers_cc26x2.aem4f : NVSSPI25X.oem4f (.text:NVSSPI25X_write)
                  00012248    00000168     libZStack_nwk_zr_ccs.a : nwk.obj (.text:nwk_beacon_notify_ind_processing$74)
                  000123b0    00000164                            : ssp.obj (.text:SSP_NwkSecurityProc)
                  00012514    00000164     drivers_cc26x2.aem4f : UARTCC26XX.oem4f (.text:UARTCC26XX_open)
                  00012678    00000164     maclib_nosecure_cc26x2_2_4g.a : mac_hl_patch.obj (.text:macWrapperDeleteAllDevices)
                  000127dc    00000164     libZStack_nwk_zr_ccs.a : nwk_bufs.obj (.text:nwk_SendNextDataBuf)
                  00012940    00000162     bdb_reporting.obj (.text:bdb_isAttrValueChangedSurpassDelta$43)
                  00012aa2    00000002     rf_multiMode_cc26x2.aem4f : rfc.c.cc26x2.ccs.o (.text:NOROM_RFCCpePatchReset)
                  00012aa4    00000160     gp_common.obj (.text:GP_SecReq)
                  00012c04    00000160     libZStack_nwk_zr_ccs.a : rtg.obj (.text:RTG_DataReq)
                  00012d64    0000015c     zd_object.obj (.text:ZDO_ProcessDeviceAnnce)
                  00012ec0    0000015c     zcl_general.obj (.text:zclGeneral_ProcessInIdentity$23)
                  0001301c    00000154     driverlib.lib : sys_ctrl.obj (.text:NOROM_SysCtrlStandby)
                  00013170    00000154     drivers_cc26x2.aem4f : UARTCC26XX.oem4f (.text:UARTCC26XX_hwiIntFxn)
                  000132c4    00000154     maclib_nosecure_cc26x2_2_4g.a : mac_rx.obj (.text:rxPayloadIsr$92)
                  00013418    00000150     cui.obj (.text:CUI_dispMenu$9)
                  00013568    00000150     drivers_cc26x2.aem4f : SPICC26X2DMA.oem4f (.text:SPICC26X2DMA_open)
                  000136b8    0000014a     zcl.obj (.text:zclProcessInDiscCmd$22)
                  00013802    00000002     drivers_cc26x2.aem4f : NVSSPI25X.oem4f (.text:NVSSPI25X_deinitSpiCs)
                  00013804    00000148     rf_multiMode_cc26x2.aem4f : RFCC26X2_multiMode.c.cc26x2.ccs.o (.text:RF_fsmSetupState)
                  0001394c    00000148     bdb_finding_and_binding.obj (.text:bdb_checkMatchingEndpoints)
                  00013a94    00000144     libZStack_nwk_zr_ccs.a : nwk.obj (.text:nwk_scan_cnf_processing$74)
                  00013bd8    00000140                            : nwk_util.obj (.text:NLME_CmdCnf)
                  00013d18    00000140     nvocmp.obj (.text:NVOCMP_migratePage$4)
                  00013e58    00000140     drivers_cc26x2.aem4f : SPICC26X2DMA.oem4f (.text:initIO)
                  00013f98    0000013e     zcl.obj (.text:zclProcessInWriteCmd$22)
                  000140d6    00000002     rf_multiMode_cc26x2.aem4f : RFCC26X2_multiMode.c.cc26x2.ccs.o (.text:RF_defaultCallback)
                  000140d8    0000013c     cui.obj (.text:CUI_statusLinePrintf)
                  00014214    0000013c     libZStack_nwk_zr_ccs.a : nwk_util.obj (.text:NLDE_BuildMsg$76)
                  00014350    0000013c     rf_multiMode_cc26x2.aem4f : RFCC26X2_multiMode.c.cc26x2.ccs.o (.text:RF_ratSetupChannel)
                  0001448c    0000013c     zd_object.obj (.text:ZDO_ProcessSimpleDescReq)
                  000145c8    0000013c     gp_proxy.obj (.text:gp_SecurityOperationProxy)
                  00014704    0000013c     libZStack_nwk_zr_ccs.a : nwk_util.obj (.text:nwk_SetCurrentPollRateType)
                  00014840    0000013a     drivers_cc26x2.aem4f : UARTCC26XX.oem4f (.text:UARTCC26XX_read)
                  0001497a    00000002     zd_object.obj (.text:ZDO_ProcessNodeDescRsp)
                  0001497c    00000138     zd_sec_mgr.obj (.text:APSME_TCLinkKeyLoad)
                  00014ab4    00000138     drivers_cc26x2.aem4f : NVSCC26XX.oem4f (.text:NVSCC26XX_write)
                  00014bec    00000134     rf_multiMode_cc26x2.aem4f : RFCC26X2_multiMode.c.cc26x2.ccs.o (.text:RF_abortCmd)
                  00014d20    00000134     libZStack_nwk_zr_ccs.a : rtg.obj (.text:RTG_AddRtgEntry$78)
                  00014e54    00000134     zd_object.obj (.text:ZDO_ProcessMgmtBindReq)
                  00014f88    00000130     drivers_cc26x2.aem4f : AESCCMCC26XX.oem4f (.text:AESCCM_startOperation)
                  000150b8    00000130     rf_multiMode_cc26x2.aem4f : RFCC26X2_multiMode.c.cc26x2.ccs.o (.text:RF_initRadioSetup)
                  000151e8    00000130     libZStack_nwk_zr_ccs.a : rtg.obj (.text:RTG_BcastAdd)
                  00015318    00000130                            : nwk.obj (.text:nwk_init)
                  00015448    0000012c     zcl.obj (.text:zclParseInConfigReportCmd)
                  00015574    00000128     libZStack_nwk_zr_ccs.a : aps_frag.obj (.text:APSF_SendFragmented)
                  0001569c    00000128     zd_sec_mgr.obj (.text:ZDSecMgrDeviceRemoveByExtAddr)
                  000157c4    00000124     libZStack_nwk_zr_ccs.a : nwk_util.obj (.text:NLME_InitNV)
                  000158e8    00000120                            : rtg.obj (.text:NLME_RouteDiscoveryRequest)
                  00015a08    00000120     zcl_sampleapps_ui.obj (.text:UI_InitCUI$10)
                  00015b28    0000011e     zstacktask.obj (.text:processSecApsLinkKeySetReq$39)
                  00015c46    00000002     zd_object.obj (.text:ZDO_ProcessSimpleDescRsp)
                  00015c48    0000011c     rf_multiMode_cc26x2.aem4f : RFCC26X2_multiMode.c.cc26x2.ccs.o (.text:RF_radioOpDoneCb)
                  00015d64    00000118     zd_profile.obj (.text:ZDP_IncomingData)
                  00015e7c    00000118     maclib_nosecure_cc26x2_2_4g.a : mac.obj (.text:macSetupRATChanCompare)
                  00015f94    00000114                                   : mac_hl_patch.obj (.text:macEdScanISR)
                  000160a8    00000114                                   : mac_radio.obj (.text:macRadioInitIeee)
                  000161bc    00000114                                   : mac_hl_patch.obj (.text:macScanNextChan)
                  000162d0    00000114     libZStack_nwk_zr_ccs.a : nwk.obj (.text:nwk_start_coord)
                  000163e4    00000112     rf_multiMode_cc26x2.aem4f : RFCC26X2_multiMode.c.cc26x2.ccs.o (.text:RF_decodeOverridePointers)
                  000164f6    00000002     zmac_cb.obj (.text:ZMacLqiAdjust$62)
                  000164f8    00000110     libZStack_nwk_zr_ccs.a : aps_mede.obj (.text:APSDE_FrameAlloc)
                  00016608    00000110     drivers_cc26x2.aem4f : GPIOCC26XX.oem4f (.text:GPIO_setConfig)
                  00016718    00000110                          : LED.oem4f (.text:LED_open)
                  00016828    00000110     rf_multiMode_cc26x2.aem4f : RFCC26X2_multiMode.c.cc26x2.ccs.o (.text:RF_close)
                  00016938    00000110     libZStack_nwk_zr_ccs.a : ssp.obj (.text:SSP_Process)
                  00016a48    0000010c                            : nwk_util.obj (.text:NLDE_ParseMsg)
                  00016b54    00000108                            : aps_mede.obj (.text:APSDE_FrameHdrSet$68)
                  00016c5c    00000108                            : addr_mgr.obj (.text:AddrMgrEntryUpdate)
                  00016d64    00000108                            : nwk_util.obj (.text:RTG_UpdateNeighborEntry)
                  00016e6c    00000108                            : ssp.obj (.text:ccmStar)
                  00016f74    00000108                            : nwk.obj (.text:nwk_ScanPANChanVerify)
                  0001707c    00000106     app_pem4f.oem4f (.text:xdc_runtime_System_printfExtend__I)
                  00017182    00000002     rtsv7M4_T_le_v4SPD16_eabi.lib : _lock.c.obj (.text:_nop)
                  00017184    00000104     drivers_cc26x2.aem4f : AESECBCC26XX.oem4f (.text:AESECB_startOperation)
                  00017288    00000104     nvocmp.obj (.text:NVOCMP_findItem$4)
                  0001738c    00000100     libZStack_nwk_zr_ccs.a : assoc_list.obj (.text:AssocRestoreFromNV)
                  0001748c    00000100     bdb.obj (.text:bdb_TCProcessJoiningList$41)
                  0001758c    00000100     drivers_cc26x2.aem4f : PowerCC26X2.oem4f (.text:configureXOSCHF)
                  0001768c    000000fc     rf_multiMode_cc26x2.aem4f : RFCC26X2_multiMode.c.cc26x2.ccs.o (.text:RF_hwiCpe0Active)
                  00017788    000000fc     zd_app.obj (.text:ZDApp_ProcessSecMsg)
                  00017884    000000fc     zd_app.obj (.text:ZDO_beaconNotifyIndCB)
                  00017980    000000f8     drivers_cc26x2.aem4f : NVSSPI25X.oem4f (.text:NVSSPI25X_open)
                  00017a78    000000f8                          : PINCC26XX.oem4f (.text:PINCC26XX_setIoCfg)
                  00017b70    000000f4     libZStack_nwk_zr_ccs.a : assoc_list.obj (.text:AssocAddNew)
                  00017c64    000000f4     drivers_cc26x2.aem4f : SPICC26X2DMA.oem4f (.text:SPICC26X2DMA_control)
                  00017d58    000000f0     nwk_globals.obj (.text:NIB_init)
                  00017e48    000000f0     rf_multiMode_cc26x2.aem4f : RFCC26X2_multiMode.c.cc26x2.ccs.o (.text:RF_fsmPowerUpState)
                  00017f38    000000f0     zd_app.obj (.text:ZDO_NetworkFormationConfirmCB)
                  00018028    000000f0     zd_sec_mgr.obj (.text:ZDSecMgrUpdateDeviceInd)
                  00018118    000000f0     main.obj (.text:main)
                  00018208    000000ec     nvocmp.obj (.text:NVOCMP_cleanPage$4)
                  000182f4    000000e8     libZStack_nwk_zr_ccs.a : aps_mede_cb.obj (.text:APSME_VerifyKeyInd)
                  000183dc    000000e8     drivers_cc26x2.aem4f : Button.oem4f (.text:Button_open)
                  000184c4    000000e8     libZStack_nwk_zr_ccs.a : rtg.obj (.text:RTG_SendRrep$78)
                  000185ac    000000e4                            : nwk_util.obj (.text:NLME_ProcessAddressConflictLocal)
                  00018690    000000e4     zd_sec_mgr.obj (.text:ZDSecMgrAppKeyReq)
                  00018774    000000e4     zcl_green_power.obj (.text:zclGp_ProcessInBasicProxy$24)
                  00018858    000000e0     drivers_cc26x2.aem4f : UARTCC26XX.oem4f (.text:UARTCC26XX_write)
                  00018938    000000de     zd_object.obj (.text:ZDO_ProcessParentAnnce)
                  00018a16    00000002     drivers_cc26x2.aem4f : PowerCC26X2.oem4f (.text:emptyClockFunc)
                  00018a18    000000dc     zd_sec_mgr.obj (.text:APSME_TCLinkKeySync)
                  00018af4    000000dc     libZStack_nwk_zr_ccs.a : aps.obj (.text:APS_GetBind$65)
                  00018bd0    000000dc     main.obj (.text:Main_assertHandler)
                  00018cac    000000dc     libZStack_nwk_zr_ccs.a : nwk_util.obj (.text:NLME_ProcessNetworkStatus)
                  00018d88    000000dc     zd_app.obj (.text:ZDApp_LeaveUpdate)
                  00018e64    000000dc     libZStack_nwk_zr_ccs.a : nwk_util.obj (.text:nwkNeighborFindRandom)
                  00018f40    000000dc     zcl.obj (.text:zclSerializeData)
                  0001901c    000000d8     driverlib.lib : setup.obj (.text:TrimAfterColdResetWakeupFromShutDown$102)
                  000190f4    000000d8     bdb_reporting.obj (.text:bdb_RepChangedAttrValue)
                  000191cc    000000d4     rf_multiMode_cc26x2.aem4f : RFCC26X2_multiMode.c.cc26x2.ccs.o (.text:RF_pendCmd)
                  000192a0    000000d4     zd_object.obj (.text:ZDO_ProcessNodeDescReq)
                  00019374    000000d4     zd_sec_mgr.obj (.text:ZDSecMgrNwkKeyInit)
                  00019448    000000d4     zstacktask.obj (.text:gpDataIndMsgSend$39)
                  0001951c    000000d2     rf_multiMode_cc26x2.aem4f : RFCC26X2_multiMode.c.cc26x2.ccs.o (.text:RF_updatePaConfiguration)
                  000195ee    00000002     drivers_cc26x2.aem4f : CryptoResourceCC26XX.oem4f (.text:errorSpin)
                  000195f0    000000d0     rf_multiMode_cc26x2.aem4f : RFCC26X2_multiMode.c.cc26x2.ccs.o (.text:RF_swiHw)
                  000196c0    000000d0     libZStack_nwk_zr_ccs.a : rtg.obj (.text:RTG_RouteMaintanence)
                  00019790    000000cc     zd_sec_mgr.obj (.text:APSME_TCLinkKeyInit)
                  0001985c    000000cc     libZStack_nwk_zr_ccs.a : aps.obj (.text:APS_ReReflect$65)
                  00019928    000000cc     rf_multiMode_cc26x2.aem4f : RFCC26X2_multiMode.c.cc26x2.ccs.o (.text:RF_control)
                  000199f4    000000cc     af.obj (.text:afRegister)
                  00019ac0    000000cc     gp_proxy_table.obj (.text:gp_CheckAnnouncedDevice)
                  00019b8c    000000cc     maclib_nosecure_cc26x2_2_4g.a : mac_timer.obj (.text:macSymbolTimerTriggerCallback)
                  00019c58    000000cc                                   : mac_tx.obj (.text:txCsmaPrep$96)
                  00019d24    000000ca     zstacktask.obj (.text:sendNodeDescRspInd$39)
                  00019dee    00000002     maclib_nosecure_cc26x2_2_4g.a : mac_pwr.obj (.text:macApiPwrOnReq)
                  00019df0    000000c8     libZStack_nwk_zr_ccs.a : aps_mede.obj (.text:APSME_AddTCLinkKey)
                  00019eb8    000000c8     cui.obj (.text:CUI_handleMenuIntercept$9)
                  00019f80    000000c8     libZStack_nwk_zr_ccs.a : nwk_util.obj (.text:NwkNotMyChildSendLeave)
                  0001a048    000000c8     drivers_cc26x2.aem4f : PowerCC26X2.oem4f (.text:Power_releaseDependency)
                  0001a110    000000c4     libZStack_nwk_zr_ccs.a : aps.obj (.text:APS_UnBind$65)
                  0001a1d4    000000c4     drivers_cc26x2.aem4f : GPIOCC26XX.oem4f (.text:GPIO_init)
                  0001a298    000000c4                          : PowerCC26X2.oem4f (.text:Power_setDependency)
                  0001a35c    000000c4     osal_port_timers.obj (.text:createTimerEntry$52)
                  0001a420    000000c4     maclib_nosecure_cc26x2_2_4g.a : mac_hl_patch.obj (.text:macApiStartReq)
                  0001a4e4    000000c4     zcl_port.obj (.text:zcl_AF_DataRequest)
                  0001a5a8    000000c0     nvocmp.obj (.text:NVOCMP_erase$4)
                  0001a668    000000c0     drivers_cc26x2.aem4f : UARTCC26XX.oem4f (.text:UARTCC26XX_initIO)
                  0001a728    000000c0     maclib_nosecure_cc26x2_2_4g.a : mac_rx.obj (.text:rxPostRxUpdates$92)
                  0001a7e8    000000bc     libZStack_nwk_zr_ccs.a : nwk_util.obj (.text:NLDE_SendMsg)
                  0001a8a4    000000bc                            : nl_mede.obj (.text:NLME_NetworkFormationRequest)
                  0001a960    000000bc     zmac.obj (.text:ZMacStartReq)
                  0001aa1c    000000b8     drivers_cc26x2.aem4f : UARTCC26XX.oem4f (.text:UARTCC26XX_initHw)
                  0001aad4    000000b8     bdb.obj (.text:bdb_TCAddJoiningDevice)
                  0001ab8c    000000b8     drivers_cc26x2.aem4f : NVSSPI25X.oem4f (.text:doErase)
                  0001ac44    000000b8     maclib_nosecure_cc26x2_2_4g.a : mac_hl_patch.obj (.text:macScanRxCoordRealign)
                  0001acfc    000000b8     libZStack_nwk_zr_ccs.a : nwk.obj (.text:nwk_associate_cnf_processing$74)
                  0001adb4    000000b8     zcl.obj (.text:zclParseInReadRspCmd$22)
                  0001ae6c    000000b4     maclib_nosecure_cc26x2_2_4g.a : mac_pwr.obj (.text:MAC_PwrOffReq)
                  0001af20    000000b4     dpl_cc26x2.aem4f : PowerCC26X2_tirtos.oem4f (.text:PowerCC26XX_standbyPolicy)
                  0001afd4    000000b4     drivers_cc26x2.aem4f : TRNGCC26XX.oem4f (.text:TRNG_generateEntropy)
                  0001b088    000000b4     zd_profile.obj (.text:ZDP_ParentAnnce)
                  0001b13c    000000b4     bdb_reporting.obj (.text:bdb_RepUpdateMarkBindings)
                  0001b1f0    000000b0     libZStack_nwk_zr_ccs.a : aps_mede_cb.obj (.text:APSDE_DataIndication)
                  0001b2a0    000000b0     maclib_nosecure_cc26x2_2_4g.a : mac_autopend.obj (.text:MAC_SrcMatchAddEntry)
                  0001b350    000000b0     libZStack_nwk_zr_ccs.a : nl_mede.obj (.text:NLME_GetRequest)
                  0001b400    000000b0     zd_app.obj (.text:ZDApp_LeaveReset)
                  0001b4b0    000000b0     maclib_nosecure_cc26x2_2_4g.a : mac_radio.obj (.text:macRadioPowerUp)
                  0001b560    000000ae     zstacktask.obj (.text:processSecApsLinkKeyGetReq$39)
                  0001b60e    000000ae     zcl_samplethermostat.obj (.text:zclSampleThermostat_processAfIncomingMsgInd$13)
                  0001b6bc    000000ac     drivers_cc26x2.aem4f : PINCC26XX.oem4f (.text:PIN_open)
                  0001b768    000000ac     maclib_nosecure_cc26x2_2_4g.a : mac_hl_patch.obj (.text:macApiBeaconStartReq)
                  0001b814    000000a8     libZStack_nwk_zr_ccs.a : aps_mede.obj (.text:APSME_SearchTCLinkKeyEntry)
                  0001b8bc    000000a8     driverlib.lib : setup.obj (.text:NOROM_SetupTrimDevice)
                  0001b964    000000a8     af.obj (.text:afBuildMSGIncoming$40)
                  0001ba0c    000000a8     maclib_nosecure_cc26x2_2_4g.a : mac_symbol_timer.obj (.text:macSymbolTimerInit)
                  0001bab4    000000a8     zcl_samplethermostat.obj (.text:zclSampleThermostat_UpdateStatusLine$13)
                  0001bb5c    000000a4     libZStack_nwk_zr_ccs.a : aps_frag.obj (.text:APSF_ProcessAck)
                  0001bc00    000000a4                            : aps_mede.obj (.text:APSME_CmdPktCM_CD$68)
                  0001bca4    000000a4     rf_multiMode_cc26x2.aem4f : RFCC26X2_multiMode.c.cc26x2.ccs.o (.text:RF_ratRestartChannels)
                  0001bd48    000000a4                               : RFCC26X2_multiMode.c.cc26x2.ccs.o (.text:RF_requestAccess)
                  0001bdec    000000a4     maclib_nosecure_cc26x2_2_4g.a : mac_radio.obj (.text:macRadioUpdateTxPower)
                  0001be90    000000a4     zstacktask.obj (.text:processZdoBindReq$39)
                  0001bf34    000000a4     zcl.obj (.text:zclParseInReportCmd)
                  0001bfd8    000000a4     zcl.obj (.text:zclParseInWriteCmd)
                  0001c07c    000000a0     libZStack_nwk_zr_ccs.a : rtg.obj (.text:RTG_SendRrec$78)
                  0001c11c    000000a0                            : ssp.obj (.text:SSP_SwitchNwkKey)
                  0001c1bc    000000a0     zmac.obj (.text:ZMacDataReqSec)
                  0001c25c    000000a0     auto_init.aem4f : auto_init.oem4f (.text)
                  0001c2fc    000000a0     maclib_nosecure_cc26x2_2_4g.a : mac.obj (.text:macSetupReceiveCmd)
                  0001c39c    000000a0     zstackstartup.obj (.text:stackTask_init)
                  0001c43c    000000a0     rom_sysbios.aem4f : rom_sysbios.obj (.text:ti_sysbios_knl_Task_setPri__E)
                  0001c4dc    0000009c     libZStack_nwk_zr_ccs.a : aps_mede.obj (.text:APSME_RemoveDeviceReq)
                  0001c578    0000009c     nvocmp.obj (.text:NVOCMP_readHeader$4)
                  0001c614    0000009c     rf_multiMode_cc26x2.aem4f : RFCC26X2_multiMode.c.cc26x2.ccs.o (.text:RF_calculateDispatchTime)
                  0001c6b0    0000009c     zd_sec_mgr.obj (.text:ZDSecMgrDeviceRemove)
                  0001c74c    0000009c     maclib_nosecure_cc26x2_2_4g.a : mac.obj (.text:macGetRFCmdDuration)
                  0001c7e8    0000009c     rtsv7M4_T_le_v4SPD16_eabi.lib : memcpy_t2.asm.obj (.text)
                  0001c884    0000009c     zcl_green_power.obj (.text:zclGp_SendGpProxyTableResponse)
                  0001c920    0000009a     zstacktask.obj (.text:sendSimpleDescRspInd$39)
                  0001c9ba    00000002     maclib_nosecure_cc26x2_2_4g.a : mac_radio.obj (.text:macRadioSetRE)
                  0001c9bc    00000098     gp_common.obj (.text:GP_RecoveryKey$16)
                  0001ca54    00000098     bdb_reporting.obj (.text:bdb_RepFindAttrEntry$43)
                  0001caec    00000098     drivers_cc26x2.aem4f : UARTCC26XX.oem4f (.text:writeTxFifoFlush)
                  0001cb84    00000096     rtsv7M4_T_le_v4SPD16_eabi.lib : ull_div_t2.asm.obj (.text)
                  0001cc1a    00000002     maclib_nosecure_cc26x2_2_4g.a : mac_hl_patch.obj (.text:macSetDefaultsByPatch)
                  0001cc1c    00000094     libZStack_nwk_zr_ccs.a : aps_mede.obj (.text:APSME_FrameTunnel$68)
                  0001ccb0    00000094     rf_multiMode_cc26x2.aem4f : RFCC26X2_multiMode.c.cc26x2.ccs.o (.text:RF_getInfo)
                  0001cd44    00000094     drivers_cc26x2.aem4f : TRNGCC26XX.oem4f (.text:TRNGCC26XX_hwiFxn)
                  0001cdd8    00000094     zd_profile.obj (.text:ZDP_MgmtNwkUpdateNotify)
                  0001ce6c    00000094     maclib_nosecure_cc26x2_2_4g.a : mac.obj (.text:macRatCb_A)
                  0001cf00    00000094     libZStack_nwk_zr_ccs.a : nwk_util.obj (.text:nwk_SetConfigPollRate)
                  0001cf94    00000092     drivers_cc26x2.aem4f : UARTCC26XX.oem4f (.text:UARTCC26XX_writeCancel)
                  0001d026    00000092     zd_object.obj (.text:ZDO_ParseSimpleDescBuf)
                  0001d0b8    00000092     libZStack_nwk_zr_ccs.a : aps_util.obj (.text:apsGenerateAck)
                  0001d14a    00000090                            : aps_mede.obj (.text:APSME_ConfirmKeyReq)
                  0001d1da    00000002                            : nwk.obj (.text:nwk_orphan_ind_processing$74)
                  0001d1dc    00000090     zd_sec_mgr.obj (.text:APSME_LinkKeySet)
                  0001d26c    00000090     CC26X2R1_LAUNCHXL_fxns.obj (.text:CC26X2R1_LAUNCHXL_shutDownExtFlash)
                  0001d2fc    00000090     libZStack_nwk_zr_ccs.a : nwk_util.obj (.text:NLME_LeaveCmdSend)
                  0001d38c    00000090     rf_multiMode_cc26x2.aem4f : RFCC26X2_multiMode.c.cc26x2.ccs.o (.text:RF_discardPendCmd)
                  0001d41c    00000090     zd_sec_mgr.obj (.text:ZDSecMgrDeviceJoin)
                  0001d4ac    00000090     zd_sec_mgr.obj (.text:ZDSecMgrDeviceJoinDirect)
                  0001d53c    00000090     bdb_finding_and_binding.obj (.text:bdb_ProcessIEEEAddrRsp)
                  0001d5cc    00000090     maclib_nosecure_cc26x2_2_4g.a : mac_hl_patch.obj (.text:macCcmDecrypt)
                  0001d65c    00000090                                   : mac_radio.obj (.text:macRadioUpdateChannel)
                  0001d6ec    00000090                                   : mac_radio.obj (.text:macRadioUpdateChannelRx)
                  0001d77c    00000090     gp_proxy.obj (.text:zclGp_GpPairingCommandCB)
                  0001d80c    0000008c     libZStack_nwk_zr_ccs.a : nwk_util.obj (.text:NLME_RejoinRspSend)
                  0001d898    0000008c     osal_port.obj (.text:OsalPort_heapMalloc$51)
                  0001d924    0000008c     osal_port.obj (.text:OsalPort_setTimer)
                  0001d9b0    0000008c     maclib_nosecure_cc26x2_2_4g.a : mac_hl_patch.obj (.text:macCcmEncrypt)
                  0001da3c    0000008c     rom_sysbios.aem4f : rom_sysbios.obj (.text:ti_sysbios_gates_GateMutexPri_enter__E)
                  0001dac8    0000008a     zcl.obj (.text:zclGetDataTypeLength)
                  0001db52    00000002     rtsv7M4_T_le_v4SPD16_eabi.lib : div0.asm.obj (.text)
                  0001db54    00000088     libZStack_nwk_zr_ccs.a : assoc_list.obj (.text:AssocChildAging)
                  0001dbdc    00000088                            : nl_mede.obj (.text:NLME_LeaveReq)
                  0001dc64    00000088     driverlib.lib : osc.obj (.text:NOROM_OSCHF_AttemptToSwitchToXosc)
                  0001dcec    00000088     rf_multiMode_cc26x2.aem4f : RFCC26X2_multiMode.c.cc26x2.ccs.o (.text:RF_cmdDispatchTime)
                  0001dd74    00000088                               : RFCC26X2_multiMode.c.cc26x2.ccs.o (.text:RF_getTxPower)
                  0001ddfc    00000088     zd_sec_mgr.obj (.text:ZDSecMgrNewDeviceEvent)
                  0001de84    00000088     zd_sec_mgr.obj (.text:ZDSecMgrTclkReq)
                  0001df0c    00000088     drivers_cc26x2.aem4f : PowerCC26X2_calibrateRCOSC.oem4f (.text:calibrateRcoscHf2)
                  0001df94    00000088                          : PowerCC26X2.oem4f (.text:disableLFClockQualifiers)
                  0001e01c    00000088                          : PowerCC26X2_calibrateRCOSC.oem4f (.text:updateSubSecInc)
                  0001e0a4    00000088     zcl_port.obj (.text:zcl_HandleExternal)
                  0001e12c    00000088     zcl_port.obj (.text:zclport_registerEndpoint)
                  0001e1b4    00000086     libZStack_nwk_zr_ccs.a : rtg.obj (.text:RTG_RtgRecordInitiation)
                  0001e23a    00000086     rtsv7M4_T_le_v4SPD16_eabi.lib : fd_cmp_t2.asm.obj (.text:__aeabi_cdrcmple)
                  0001e2c0    00000086     libZStack_nwk_zr_ccs.a : nwk_util.obj (.text:nwkListStatusAddToSortedList)
                  0001e346    00000002     app_pem4f.oem4f (.text:ti_sysbios_BIOS_nullFunc__I)
                  0001e348    00000084     cui.obj (.text:CUI_writeString$9)
                  0001e3cc    00000084     maclib_nosecure_cc26x2_2_4g.a : mac_autopend.obj (.text:MAC_SrcMatchEnable)
                  0001e450    00000084     libZStack_nwk_zr_ccs.a : nwk_util.obj (.text:NLME_SetAssocFlags)
                  0001e4d4    00000084     drivers_cc26x2.aem4f : NVSSPI25X.oem4f (.text:NVSSPI25X_close)
                  0001e558    00000084     rf_multiMode_cc26x2.aem4f : RFCC26X2_multiMode.c.cc26x2.ccs.o (.text:RF_issueRadioFreeCb)
                  0001e5dc    00000084                               : RFCC26X2_multiMode.c.cc26x2.ccs.o (.text:RF_verifyGap)
                  0001e660    00000084     drivers_cc26x2.aem4f : UARTCC26XX.oem4f (.text:UARTCC26XX_close)
                  0001e6e4    00000084     zcl_sampleapps_ui.obj (.text:UI_UpdateBdbStatusLine)
                  0001e768    00000084     zd_app.obj (.text:ZDApp_SaveNwkKey)
                  0001e7ec    00000084     zd_object.obj (.text:ZDO_ProcessPowerDescReq)
                  0001e870    00000084     zd_profile.obj (.text:ZDP_BindUnbindReq)
                  0001e8f4    00000084     bdb_finding_and_binding.obj (.text:bdb_ProcessSimpleDesc)
                  0001e978    00000084     bdb_finding_and_binding.obj (.text:bdb_zclFindingBindingAddBindEntry$42)
                  0001e9fc    00000084     maclib_nosecure_cc26x2_2_4g.a : mac_radio.obj (.text:macRadioStartScan)
                  0001ea80    00000084                                   : mac_timer.obj (.text:macTimerUpdateSymbolTimer)
                  0001eb04    00000084     libZStack_nwk_zr_ccs.a : nwk.obj (.text:nwk_ScanPANChanSelect)
                  0001eb88    00000082     zd_nwk_mgr.obj (.text:ZDNwkMgr_BuildAndSendUpdateNotify$57)
                  0001ec0a    00000082     zcl.obj (.text:zcl_SendWriteRsp)
                  0001ec8c    00000080     drivers_cc26x2.aem4f : NVSCC26XX.oem4f (.text:NVSCC26XX_open)
                  0001ed0c    00000080     osal_port.obj (.text:OsalPort_msgFindDequeue)
                  0001ed8c    00000080     libZStack_nwk_zr_ccs.a : aps_groups.obj (.text:aps_GroupsWriteNV)
                  0001ee0c    00000080     bdb_reporting.obj (.text:bdb_repAttrCfgRecordsArrayAdd$43)
                  0001ee8c    00000080     maclib_nosecure_cc26x2_2_4g.a : mac_mcu.obj (.text:macMcuOverflowSetPeriod)
                  0001ef0c    00000080                                   : mac_radio.obj (.text:macRadioWakeupCb)
                  0001ef8c    00000080                                   : mac_autopend.obj (.text:macSrcMatchCheckSrcAddr$88)
                  0001f00c    00000080     libZStack_nwk_zr_ccs.a : nwk_bufs.obj (.text:nwk_MacDataBuffersDealloc)
                  0001f08c    00000080     zstackstartup.obj (.text:stackTaskFxn$7)
                  0001f10c    00000080     rom_sysbios.aem4f : rom_sysbios.obj (.text:ti_sysbios_family_arm_cc26xx_Timer_start__E)
                  0001f18c    00000080     zcl.obj (.text:zclFindNextCmdRec$22)
                  0001f20c    0000007c     rf_multiMode_cc26x2.aem4f : RFCC26X2_multiMode.c.cc26x2.ccs.o (.text:RF_ratFreeChannel)
                  0001f288    0000007c     zd_app.obj (.text:ZDO_JoinIndicationCB)
                  0001f304    0000007c     drivers_cc26x2.aem4f : NVSSPI25X.oem4f (.text:doRead)
                  0001f380    0000007c     maclib_nosecure_cc26x2_2_4g.a : mac_mcu.obj (.text:macMcuOverflowSetCompare)
                  0001f3fc    0000007c     osal_port.obj (.text:osalHeapInitFxn)
                  0001f478    0000007c     zstacktask.obj (.text:processSecNwkKeyUpdateReq$39)
                  0001f4f4    0000007a     zd_sec_mgr.obj (.text:ZDSecMgrSendNwkKey)
                  0001f56e    0000007a     rtsv7M4_T_le_v4SPD16_eabi.lib : memset_t2.asm.obj (.text)
                  0001f5e8    00000078     libZStack_nwk_zr_ccs.a : addr_mgr.obj (.text:AddrMgrEntryLookupNwk)
                  0001f660    00000078     nvocmp.obj (.text:NVOCMP_checkItem$4)
                  0001f6d8    00000078     nvocmp.obj (.text:NVOCMP_deleteItemApi$4)
                  0001f750    00000078     nvocmp.obj (.text:NVOCMP_readItemApi$4)
                  0001f7c8    00000078     libZStack_nwk_zr_ccs.a : nwk_util.obj (.text:NwkNotMyChildListAdd)
                  0001f840    00000078     zd_app.obj (.text:ZDApp_RestoreNwkSecMaterial)
                  0001f8b8    00000078     zd_object.obj (.text:ZDO_ProcessMgmtLeaveReq)
                  0001f930    00000078     zmac.obj (.text:ZMacScanReq)
                  0001f9a8    00000078     drivers_cc26x2.aem4f : NVSSPI25X.oem4f (.text:doWriteVerify)
                  0001fa20    00000078     libZStack_nwk_zr_ccs.a : nwk_bufs.obj (.text:nwkbufs_hold)
                  0001fa98    00000078     zstacktask.obj (.text:processGpSecRsp$39)
                  0001fb10    00000076     gp_common.obj (.text:gp_PopulateField)
                  0001fb86    00000076     zstacktask.obj (.text:sendBeaconNotifyInd$39)
                  0001fbfc    00000074     libZStack_nwk_zr_ccs.a : aps_mede.obj (.text:APSME_UpdateDeviceReq)
                  0001fc70    00000074                            : nwk_util.obj (.text:NLDE_DataIndSend)
                  0001fce4    00000074     nvocmp.obj (.text:NVOCMP_writeItemApi$4)
                  0001fd58    00000074     drivers_cc26x2.aem4f : PowerCC26X2_calibrateRCOSC.oem4f (.text:PowerCC26X2_auxISR)
                  0001fdcc    00000074     rf_multiMode_cc26x2.aem4f : RFCC26X2_multiMode.c.cc26x2.ccs.o (.text:RF_yield)
                  0001fe40    00000074     libZStack_nwk_zr_ccs.a : rtg.obj (.text:RTG_GetRtgEntry)
                  0001feb4    00000074                            : rtg.obj (.text:RTG_ProcessRtDiscBits)
                  0001ff28    00000074                            : rtg.obj (.text:RTG_UpdateRtDiscEntry$78)
                  0001ff9c    00000074     drivers_cc26x2.aem4f : TRNGCC26XX.oem4f (.text:TRNG_construct)
                  00020010    00000074     zd_object.obj (.text:ZDO_ProcessActiveEPReq)
                  00020084    00000074     zd_sec_mgr.obj (.text:ZDSecMgrUpdateNwkKey)
                  000200f8    00000074     gp_common.obj (.text:gp_aliasDerivation)
                  0002016c    00000074     maclib_nosecure_cc26x2_2_4g.a : mac_hl_patch.obj (.text:macAutoPoll)
                  000201e0    00000074     rom_sysbios.aem4f : rom_sysbios.obj (.text:ti_sysbios_gates_GateMutexPri_leave__E)
                  00020254    00000074     zd_object.obj (.text:zdoSendStateChangeMsg$58)
                  000202c8    00000072     rf_multiMode_cc26x2.aem4f : RFCC26X2_multiMode.c.cc26x2.ccs.o (.text:RF_detachOverrides)
                  0002033a    00000072     drivers_cc26x2.aem4f : SPICC26X2DMA.oem4f (.text:csnCallback)
                  000203ac    00000072     zstacktask.obj (.text:processZdoUnbindReq$39)
                  0002041e    00000002     rom_sysbios.aem4f : rom_sysbios.obj (.text:ti_sysbios_heaps_HeapCallback_defaultDelete)
                  00020420    00000070     drivers_cc26x2.aem4f : AESCCMCC26XX.oem4f (.text:AESCCM_cleanup)
                  00020490    00000070     libZStack_nwk_zr_ccs.a : aps_mede.obj (.text:APSME_FrameSecApplyCM$68)
                  00020500    00000070                            : assoc_list.obj (.text:AssocGetWithAddress)
                  00020570    00000070     rf_multiMode_cc26x2.aem4f : rfc.c.cc26x2.ccs.o (.text:NOROM_RFCAnaDivTxOverride)
                  000205e0    00000070     nvocmp.obj (.text:NVOCMP_createItemApi$4)
                  00020650    00000070     libZStack_nwk_zr_ccs.a : nwk_util.obj (.text:NwkNotMyChildListAging)
                  000206c0    00000070     drivers_cc26x2.aem4f : PINCC26XX.oem4f (.text:PIN_add)
                  00020730    00000070     rf_multiMode_cc26x2.aem4f : RFCC26X2_multiMode.c.cc26x2.ccs.o (.text:RF_hwiHw)
                  000207a0    00000070     drivers_cc26x2.aem4f : Random.oem4f (.text:Random_seedAutomatic)
                  00020810    00000070     bdb.obj (.text:bdb_GenerateInstallCodeCRC)
                  00020880    00000070     gp_proxy.obj (.text:gp_ProxyTblInit)
                  000208f0    00000070     gp_proxy.obj (.text:gp_getProxyTableByGpId)
                  00020960    00000070     maclib_nosecure_cc26x2_2_4g.a : mac_tx.obj (.text:txComplete)
                  000209d0    0000006e     rf_multiMode_cc26x2.aem4f : RFCC26X2_multiMode.c.cc26x2.ccs.o (.text:RF_attachOverrides)
                  00020a3e    0000006e                               : RFCC26X2_multiMode.c.cc26x2.ccs.o (.text:RF_howToSchedule)
                  00020aac    0000006e     rtsv7M4_T_le_v4SPD16_eabi.lib : ll_div_t2.asm.obj (.text)
                  00020b1a    00000002     rom_sysbios.aem4f : rom_sysbios.obj (.text:xdc_runtime_SysCallback_defaultAbort)
                  00020b1c    0000006d                       : rom_sysbios.obj (.text:xdc_runtime_System_formatNum__I)
                  00020b89    00000001     --HOLE-- [fill = 0]
                  00020b8a    00000002                       : rom_sysbios.obj (.text:xdc_runtime_SysCallback_defaultExit)
                  00020b8c    0000006c     libZStack_nwk_zr_ccs.a : aps_mede.obj (.text:APSME_LinkKeySync$68)
                  00020bf8    0000006c                            : aps_mede.obj (.text:APSME_LookupExtAddr)
                  00020c64    0000006c     rf_multiMode_cc26x2.aem4f : RFCC26X2_multiMode.c.cc26x2.ccs.o (.text:RF_ratDisableChannel)
                  00020cd0    0000006c     zd_object.obj (.text:ZDO_ParseAddrRsp)
                  00020d3c    0000006c     zd_sec_mgr.obj (.text:ZDSecMgrWriteNV$60)
                  00020da8    0000006c     libZStack_nwk_zr_ccs.a : aps_groups.obj (.text:aps_AddGroup)
                  00020e14    0000006c     maclib_nosecure_cc26x2_2_4g.a : mac_radio_tx.obj (.text:macRadioTxPrepCsmaSlottedIeee)
                  00020e80    0000006c                                   : mac_radio_tx.obj (.text:macRadioTxPrepCsmaUnslottedIeee)
                  00020eec    0000006c                                   : mac_timer.obj (.text:macTimerRealign)
                  00020f58    0000006c                                   : mac_hl_patch.obj (.text:macTrackPeriodCallback)
                  00020fc4    0000006c     gp_proxy_table.obj (.text:pt_addProxyGroup$18)
                  00021030    0000006a     libZStack_nwk_zr_ccs.a : aps_mede.obj (.text:APSME_SwitchKeyReq)
                  0002109a    0000006a                            : rtg.obj (.text:RTG_CheckRtStatus)
                  00021104    00000068                            : addr_mgr.obj (.text:AddrMgrEntryLookupExt)
                  0002116c    00000068     nvocmp.obj (.text:NVOCMP_findSignature$4)
                  000211d4    00000068     libZStack_nwk_zr_ccs.a : nwk_util.obj (.text:NwkFreqAgilityIncErrorCnt$76)
                  0002123c    00000068     osal_port.obj (.text:OsalPort_registerTask)
                  000212a4    00000068     rf_multiMode_cc26x2.aem4f : RFCC26X2_multiMode.c.cc26x2.ccs.o (.text:RF_getCurrentTime)
                  0002130c    00000068     zd_profile.obj (.text:ZDP_EPRsp)
                  00021374    00000068     binding_table.obj (.text:bindRemoveDev)
                  000213dc    00000068     rtsv7M4_T_le_v4SPD16_eabi.lib : copy_decompress_lzss.c.obj (.text:decompress:lzss:__TI_decompress_lzss)
                  00021444    00000068     maclib_nosecure_cc26x2_2_4g.a : mac_rx.obj (.text:macRxHaltCleanup)
                  000214ac    00000068                                   : mac_rx_onoff.obj (.text:macRxOn)
                  00021514    00000068     libZStack_nwk_zr_ccs.a : nwk.obj (.text:nwk_start_cnf_processing$74)
                  0002157c    00000068     zstackapi.obj (.text:sendReqRsp$8)
                  000215e4    00000066     zd_object.obj (.text:ZDO_CopyMatchInfo$58)
                  0002164a    00000066     zstacktask.obj (.text:processSecApsLinkKeyRemoveReq$39)
                  000216b0    00000064     drivers_cc26x2.aem4f : AESCCMCC26XX.oem4f (.text:AESCCM_waitForResult)
                  00021714    00000064                          : AESECBCC26XX.oem4f (.text:AESECB_waitForResult)
                  00021778    00000064     libZStack_nwk_zr_ccs.a : aps_mede.obj (.text:APSME_CmdPkt)
                  000217dc    00000064     drivers_cc26x2.aem4f : Button.oem4f (.text:Button_gpioCallbackFxn)
                  00021840    00000064     driverlib.lib : osc.obj (.text:NOROM_OSCHF_SwitchToRcOscTurnOffXosc)
                  000218a4    00000064                   : osc.obj (.text:NOROM_OSC_HPOSCRtcCompensate)
                  00021908    00000064     nvocmp.obj (.text:NVOCMP_copyItem$4)
                  0002196c    00000064     osal_port.obj (.text:OsalPort_clearEvent)
                  000219d0    00000064     osal_port.obj (.text:OsalPort_pwrmgrTaskState)
                  00021a34    00000064     rf_multiMode_cc26x2.aem4f : RFCC26X2_multiMode.c.cc26x2.ccs.o (.text:RF_dispatchNextEvent)
                  00021a98    00000064     libZStack_nwk_zr_ccs.a : rtg.obj (.text:RTG_SendRErr)
                  00021afc    00000064     drivers_cc26x2.aem4f : UARTCC26XX.oem4f (.text:UARTCC26XX_control)
                  00021b60    00000064     zd_app.obj (.text:ZDApp_StoreNwkSecMaterial)
                  00021bc4    00000064     zstackapi.obj (.text:Zstackapi_sysNwkInfoReadReq)
                  00021c28    00000064     maclib_nosecure_cc26x2_2_4g.a : mac_timer.obj (.text:macSymbolTimerRolloverCallback)
                  00021c8c    00000064                                   : mac_timer.obj (.text:macTimerAddTimer)
                  00021cf0    00000064     libZStack_nwk_zr_ccs.a : nwk.obj (.text:nwk_BeaconToNative)
                  00021d54    00000064     zstackapi.obj (.text:sendReqDefaultRsp$8)
                  00021db8    00000064     zcl.obj (.text:zclFindNextAttrRec$22)
                  00021e1c    00000064     gp_proxy.obj (.text:zclGp_GpProxyCommissioningModeCB)
                  00021e80    00000064     zcl_samplethermostat.obj (.text:zclSampleThermostat_ProcessIncomingMsg$13)
                  00021ee4    00000064     zcl_samplethermostat.obj (.text:zclSampleThermostat_SetpointRaiseLowerCB$13)
                  00021f48    00000062     libZStack_nwk_zr_ccs.a : aps.obj (.text:APS_ReflectMonitor$65)
                  00021faa    00000062     drivers_cc26x2.aem4f : UARTCC26XX.oem4f (.text:UARTCC26XX_swiIntFxn)
                  0002200c    00000062     zstacktask.obj (.text:sendIeeeAddrRspInd$39)
                  0002206e    00000062     zstacktask.obj (.text:sendNwkAddrRspInd$39)
                  000220d0    00000060     drivers_cc26x2.aem4f : AESCCMCC26XX.oem4f (.text:AESCCM_hwiFxn)
                  00022130    00000060                          : AESECBCC26XX.oem4f (.text:AESECB_hwiFxn)
                  00022190    00000060                          : CryptoResourceCC26XX.oem4f (.text:CryptoResourceCC26XX_constructRTOSObjects)
                  000221f0    00000060                          : GPIOCC26XX.oem4f (.text:GPIO_write)
                  00022250    00000060     libZStack_nwk_zr_ccs.a : nl_mede.obj (.text:NLME_NwkDiscReq2)
                  000222b0    00000060     rf_multiMode_cc26x2.aem4f : RFCC26X2_multiMode.c.cc26x2.ccs.o (.text:RF_applyRfCorePatch)
                  00022310    00000060     drivers_cc26x2.aem4f : TRNGCC26XX.oem4f (.text:TRNGCC26XX_startTrng)
                  00022370    00000060     zcl_sampleapps_ui.obj (.text:UI_UpdateDeviceInfoLine)
                  000223d0    00000060     zd_object.obj (.text:ZDO_ProcessMgmtPermitJoinReq)
                  00022430    00000060     zd_profile.obj (.text:ZDP_NwkAddrReq)
                  00022490    00000060     bdb_finding_and_binding.obj (.text:bdb_SendIdentifyQuery)
                  000224f0    00000060     gp_common.obj (.text:gpLookForGpd)
                  00022550    00000060     maclib_nosecure_cc26x2_2_4g.a : mac_radio.obj (.text:macGetRadioTxPowerReg)
                  000225b0    00000060                                   : mac_timer.obj (.text:macTimerCancel)
                  00022610    00000060                                   : mac_timer.obj (.text:macTimerGetNextTimer)
                  00022670    0000005e     libZStack_nwk_zr_ccs.a : ssp_hash.obj (.text:SSP_KeyedHash)
                  000226ce    0000005e     zmac.obj (.text:convertTxOptions)
                  0002272c    0000005e     zstacktask.obj (.text:gpSecRecMsgSend$39)
                  0002278a    0000005e     zstacktask.obj (.text:sendZdoSrcRtgInd$39)
                  000227e8    0000005c     osal_port.obj (.text:OsalPort_msgReceive)
                  00022844    0000005c     osal_port.obj (.text:OsalPort_setEvent)
                  000228a0    0000005c     drivers_cc26x2.aem4f : PINCC26XX.oem4f (.text:PIN_remove)
                  000228fc    0000005c     rf_multiMode_cc26x2.aem4f : RFCC26X2_multiMode.c.cc26x2.ccs.o (.text:RF_syncCb)
                  00022958    0000005c     libZStack_nwk_zr_ccs.a : rtg.obj (.text:RTG_GetRtgSrcIndex$78)
                  000229b4    0000005c     zd_object.obj (.text:ZDO_RemoveMatchMemory$58)
                  00022a10    0000005c     zd_sec_mgr.obj (.text:ZDSecMgrReadKeyFromNv)
                  00022a6c    0000005c     drivers_cc26x2.aem4f : NVSCC26XX.oem4f (.text:doErase)
                  00022ac8    0000005c     zd_profile.obj (.text:fillAndSend$59)
                  00022b24    0000005c     drivers_cc26x2.aem4f : SPICC26X2DMA.oem4f (.text:initHw)
                  00022b80    0000005c     libZStack_nwk_zr_ccs.a : nwk.obj (.text:nwk_BeaconFromNative)
                  00022bdc    0000005c     zstacktask.obj (.text:processApsAddGroup$39)
                  00022c38    0000005c     zstacktask.obj (.text:sendActiveEPRspInd$39)
                  00022c94    0000005c     zstacktask.obj (.text:sendMatchDescRspInd$39)
                  00022cf0    0000005c     app_pem4f.oem4f (.text:xdc_runtime_Startup_getState__I)
                  00022d4c    0000005c     zcl_samplethermostat.obj (.text:zclSampleThermostat_initParameters$13)
                  00022da8    0000005c     zglobals.obj (.text:zgInitItems)
                  00022e04    00000058     libZStack_nwk_zr_ccs.a : addr_mgr.obj (.text:AddrMgrEntryAdd$64)
                  00022e5c    00000058     nvocmp.obj (.text:NVOCMP_getItemLenApi$4)
                  00022eb4    00000058     nvocmp.obj (.text:NVOCMP_readItem$4)
                  00022f0c    00000058     osal_port_timers.obj (.text:OsalPortTimers_stopTimer)
                  00022f64    00000058     drivers_cc26x2.aem4f : PowerCC26X2_calibrateRCOSC.oem4f (.text:PowerCC26X2_initiateCalibration)
                  00022fbc    00000058     rf_multiMode_cc26x2.aem4f : RFCC26X2_multiMode.c.cc26x2.ccs.o (.text:RF_TxPowerTable_findValue)
                  00023014    00000058                               : RFCC26X2_multiMode.c.cc26x2.ccs.o (.text:RF_fsmXOSCState)
                  0002306c    00000058                               : RFCC26X2_multiMode.c.cc26x2.ccs.o (.text:RF_hwiCpe0PowerFsm)
                  000230c4    00000058     drivers_cc26x2.aem4f : TRNGCC26XX.oem4f (.text:TRNG_init)
                  0002311c    00000058     zcl_sampleapps_ui.obj (.text:UI_UpdateBindInfoLine)
                  00023174    00000058     zd_profile.obj (.text:ZDP_MgmtPermitJoinReq)
                  000231cc    00000058     zd_sec_mgr.obj (.text:ZDSecMgrGenerateKeyFromSeed)
                  00023224    00000058     bdb.obj (.text:bdb_TCJoiningDeviceFree$41)
                  0002327c    00000058     boot.aem4f : boot.oem4f (.text)
                  000232d4    00000058     drivers_cc26x2.aem4f : NVSSPI25X.oem4f (.text:extFlashWaitReady)
                  0002332c    00000058     maclib_nosecure_cc26x2_2_4g.a : mac_radio.obj (.text:macRadioSetChannelRx)
                  00023384    00000058     libZStack_nwk_zr_ccs.a : nwk_util.obj (.text:nwkTransmissionFailures)
                  000233dc    00000058                            : nwk.obj (.text:nwk_indSendError$74)
                  00023434    00000058     osal_nv.obj (.text:osal_nv_item_init_ex)
                  0002348c    00000058     osal_port_timers.obj (.text:timerCb$52)
                  000234e4    00000058     zcl_general.obj (.text:zclGeneral_HdlIncoming$23)
                  0002353c    00000056     rf_multiMode_cc26x2.aem4f : RFCC26X2_multiMode.c.cc26x2.ccs.o (.text:RF_defaultSubmitPolicy)
                  00023592    00000056     zd_sec_mgr.obj (.text:ZDSecMgrAuthenticationCheck)
                  000235e8    00000056     libZStack_nwk_zr_ccs.a : dgp_stub.obj (.text:gp_SecBuildNonce$63)
                  0002363e    00000002     rom_sysbios.aem4f : rom_sysbios.obj (.text:xdc_runtime_SysCallback_defaultFlush)
                  00023640    00000054     drivers_cc26x2.aem4f : AESCCMCC26XX.oem4f (.text:AESCCM_construct)
                  00023694    00000054                          : AESECBCC26XX.oem4f (.text:AESECB_construct)
                  000236e8    00000054     driverlib.lib : chipinfo.obj (.text:NOROM_ChipInfo_GetChipType)
                  0002373c    00000054     nvocmp.obj (.text:NVOCMP_doNVCRC$4)
                  00023790    00000054     drivers_cc26x2.aem4f : NVSCC26XX.oem4f (.text:NVSCC26XX_init)
                  000237e4    00000054     libZStack_nwk_zr_ccs.a : rtg.obj (.text:RTG_GetStochastic)
                  00023838    00000054     drivers_cc26x2.aem4f : StructRingBuf.oem4f (.text:StructRingBuf_put)
                  0002388c    00000054     bdb.obj (.text:bdb_ZclIdentifyCmdInd)
                  000238e0    00000054     gp_proxy.obj (.text:gp_returnOperationalChannel)
                  00023934    00000054     maclib_nosecure_cc26x2_2_4g.a : mac_radio.obj (.text:macRadioSetChannel)
                  00023988    00000054                                   : mac_tx.obj (.text:macTxDoneCallback)
                  000239dc    00000054     zcl_sampleapps_ui.obj (.text:uiProcessIdentifyTimeChange)
                  00023a30    00000052     zstacktask.obj (.text:processSecNwkKeyGetReq$39)
                  00023a82    00000002     rom_sysbios.aem4f : rom_sysbios.obj (.text:xdc_runtime_SysCallback_defaultPutch)
                  00023a84    00000050     libZStack_nwk_zr_ccs.a : addr_mgr.obj (.text:AddrMgrEntryGet)
                  00023ad4    00000050                            : assoc_list.obj (.text:AssocRemove)
                  00023b24    00000050     zstacktask.obj (.text:BDBBindNotificationsendMsgToAllCBs$39)
                  00023b74    00000050     zstacktask.obj (.text:BDBTCLinkKeyExchangeNotificationsendMsgToAllCB$39)
                  00023bc4    00000050     dpl_cc26x2.aem4f : ClockP_tirtos.oem4f (.text:ClockP_construct)
                  00023c14    00000050                      : ClockP_tirtos.oem4f (.text:ClockP_create)
                  00023c64    00000050     drivers_cc26x2.aem4f : GPIOCC26XX.oem4f (.text:GPIO_enableInt)
                  00023cb4    00000050                          : LED.oem4f (.text:LED_startBlinking)
                  00023d04    00000050     nvocmp.obj (.text:NVOCMP_findOffset$4)
                  00023d54    00000050     libZStack_nwk_zr_ccs.a : nwk_util.obj (.text:NwkNotMyChildListDelete)
                  00023da4    00000050     rf_multiMode_cc26x2.aem4f : RFCC26X2_multiMode.c.cc26x2.ccs.o (.text:RF_wakeupNotification)
                  00023df4    00000050     libZStack_nwk_zr_ccs.a : rtg.obj (.text:RTG_SendBrokenRoute)
                  00023e44    00000050     drivers_cc26x2.aem4f : SPICC26X2DMA.oem4f (.text:SPICC26X2DMA_close)
                  00023e94    00000050     libZStack_nwk_zr_ccs.a : ssp.obj (.text:SSP_GetNwkKey)
                  00023ee4    00000050     drivers_cc26x2.aem4f : TRNGCC26XX.oem4f (.text:TRNGCC26XX_waitForResult)
                  00023f34    00000050     zcl_sampleapps_ui.obj (.text:UI_UpdateGpStatusLine)
                  00023f84    00000050     drivers_cc26x2.aem4f : NVSSPI25X.oem4f (.text:extFlashSpiWrite)
                  00023fd4    00000050     zcl_green_power.obj (.text:gp_AddNotificationMsgNode)
                  00024024    00000050     maclib_nosecure_cc26x2_2_4g.a : mac_sleep.obj (.text:macCanSleep)
                  00024074    00000050                                   : mac_rx_onoff.obj (.text:macRxDisable)
                  000240c4    00000050                                   : mac_timer.obj (.text:macTimerStart)
                  00024114    00000050     libZStack_nwk_zr_ccs.a : nwk_util.obj (.text:nlmeAddConflictedAddrTable$76)
                  00024164    00000050     osal_nv.obj (.text:osal_nv_delete_ex)
                  000241b4    00000050     osal_nv.obj (.text:osal_nv_write_ex)
                  00024204    00000050     zstacktask.obj (.text:sendLeaveInd$39)
                  00024254    00000050     zcl_port.obj (.text:zclport_writeNV)
                  000242a4    0000004e     libZStack_nwk_zr_ccs.a : aps_util.obj (.text:apsAckFindMatchCB$70)
                  000242f2    0000004e     zstacktask.obj (.text:processSecNwkKeySetReq$39)
                  00024340    0000004c     libZStack_nwk_zr_ccs.a : aps_mede.obj (.text:APSME_GetRequest)
                  0002438c    0000004c     zstacktask.obj (.text:BDBsendMsgToAllCBs$39)
                  000243d8    0000004c     nvocmp.obj (.text:NVOCMP_setItemInactive$4)
                  00024424    0000004c     osal_port.obj (.text:OsalPort_msgSend)
                  00024470    0000004c     libZStack_nwk_zr_ccs.a : rtg.obj (.text:RTG_GetLinkCost$78)
                  000244bc    0000004c     drivers_cc26x2.aem4f : StructRingBuf.oem4f (.text:StructRingBuf_get)
                  00024508    0000004c     util_timer.obj (.text:Timer_construct)
                  00024554    0000004c     drivers_cc26x2.aem4f : UARTCC26XX.oem4f (.text:UARTCC26XX_readCancel)
                  000245a0    0000004c                          : UDMACC26XX.oem4f (.text:UDMACC26XX_open)
                  000245ec    0000004c     zmac.obj (.text:ZMacAssociateRsp)
                  00024638    0000004c     zmac.obj (.text:ZMacSendNoData)
                  00024684    0000004c     af.obj (.text:afDelete)
                  000246d0    0000004c     bdb_finding_and_binding.obj (.text:bdb_SetIdentifyActiveEndpoint)
                  0002471c    0000004c     rtsv7M4_T_le_v4SPD16_eabi.lib : cpy_tbl.c.obj (.text:copy_in)
                  00024768    0000004c     gp_proxy.obj (.text:gp_stopCommissioningMode)
                  000247b4    0000004c     libZStack_nwk_zr_ccs.a : nwk_bufs.obj (.text:nwkDB_DeleteRecAll)
                  00024800    0000004c     osal_port.obj (.text:osalHeapGetStatsFxn)
                  0002484c    0000004c     drivers_cc26x2.aem4f : UARTCC26XX.oem4f (.text:startTxFifoEmptyClk)
                  00024898    0000004c                          : PowerCC26X2.oem4f (.text:switchXOSCHF)
                  000248e4    0000004c     zcl.obj (.text:zclParseInWriteRspCmd$22)
                  00024930    0000004a     libZStack_nwk_zr_ccs.a : aps_groups.obj (.text:aps_GroupsRestoreFromNV)
                  0002497a    0000004a     zcl.obj (.text:zclFindAttrRec)
                  000249c4    0000004a     zcl.obj (.text:zclParseInDiscAttrsExtRspCmd$22)
                  00024a0e    00000002     zcl_samplethermostat.obj (.text:zclSampleThermostat_RemoveAppNvmData$13)
                  00024a10    00000048     libZStack_nwk_zr_ccs.a : addr_mgr.obj (.text:AddrMgrEntrySet$64)
                  00024a58    00000048     CC26X2R1_LAUNCHXL_fxns.obj (.text:CC26X2R1_LAUNCHXL_wakeUpExtFlash)
                  00024aa0    00000048     cui.obj (.text:CUI_btnResourceRequest)
                  00024ae8    00000048     cui.obj (.text:CUI_updateCursor$9)
                  00024b30    00000048     libZStack_nwk_zr_ccs.a : nl_mede.obj (.text:NLME_PermitJoiningSet$72)
                  00024b78    00000048     rf_multiMode_cc26x2.aem4f : rfc.c.cc26x2.ccs.o (.text:NOROM_RFCSynthPowerDown)
                  00024bc0    00000048     nvocmp.obj (.text:NVOCMP_write$4)
                  00024c08    00000048     drivers_cc26x2.aem4f : NVSSPI25X.oem4f (.text:NVSSPI25X_read)
                  00024c50    00000048                          : NVS.oem4f (.text:NVS_open)
                  00024c98    00000048                          : PINCC26XX.oem4f (.text:PIN_setOutputEnable)
                  00024ce0    00000048                          : PowerCC26X2_calibrateRCOSC.oem4f (.text:PowerCC26X2_RCOSC_clockFunc)
                  00024d28    00000048                          : PowerCC26X2.oem4f (.text:PowerCC26XX_switchXOSC_HF)
                  00024d70    00000048     cui.obj (.text:UartReadCallback$9)
                  00024db8    00000048     zd_object.obj (.text:ZDO_CompareClusterLists$58)
                  00024e00    00000048     zd_profile.obj (.text:ZDO_RegisterForZDOMsg)
                  00024e48    00000048     af.obj (.text:afDataReqMTU)
                  00024e90    00000048     bdb_reporting.obj (.text:bdb_clusterEndpointArrayIncrementAll$43)
                  00024ed8    00000048     bdb_finding_and_binding.obj (.text:bdb_setEpDescListToActiveEndpoint)
                  00024f20    00000048     binding_table.obj (.text:bindAddressClear)
                  00024f68    00000048     drivers_cc26x2.aem4f : NVSCC26XX.oem4f (.text:disableFlashCache)
                  00024fb0    00000048                          : NVSSPI25X.oem4f (.text:extFlashMassErase)
                  00024ff8    00000048     cui.obj (.text:handleButtonCallback$9)
                  00025040    00000048     zstacktask.obj (.text:isDevicePartOfNetwork$39)
                  00025088    00000048     maclib_nosecure_cc26x2_2_4g.a : mac_radio.obj (.text:macRadioNeedAdjustPower)
                  000250d0    00000048                                   : mac_timer.obj (.text:macTimerUpdActive)
                  00025118    00000048     libZStack_nwk_zr_ccs.a : nwk.obj (.text:nwkBuildDataCnf)
                  00025160    00000048     zstacktask.obj (.text:sendDeviceAnnounceInd$39)
                  000251a8    00000048     zstacktask.obj (.text:sendNwkFrameFwdNotificationCBMsg$39)
                  000251f0    00000048     drivers_cc26x2.aem4f : UARTCC26XX.oem4f (.text:writeFinishedDoCallback)
                  00025238    00000048     zcl_green_power.obj (.text:zclGp_HdlIncoming$24)
                  00025280    00000048     zcl_samplethermostat.obj (.text:zclSampleThermostat_UpdateLedState$13)
                  000252c8    00000046     libZStack_nwk_zr_ccs.a : nwk_util.obj (.text:NLME_SendNetworkStatus)
                  0002530e    00000046     drivers_cc26x2.aem4f : RingBuf.oem4f (.text:RingBuf_put)
                  00025354    00000046     zstacktask.obj (.text:gpCheckAnnceMsgSend$39)
                  0002539a    00000046     libZStack_nwk_zr_ccs.a : nwk.obj (.text:nwk_comm_status_ind_processing$74)
                  000253e0    00000046                            : rtg.obj (.text:rtgRReqFindMatchCB$78)
                  00025426    00000002     --HOLE-- [fill = 0]
                  00025428    00000044     cui.obj (.text:CUI_ledAssert$9)
                  0002546c    00000044     cui.obj (.text:CUI_ledOn)
                  000254b0    00000044     drivers_cc26x2.aem4f : GPIOCC26XX.oem4f (.text:GPIO_disableInt)
                  000254f4    00000044     maclib_nosecure_cc26x2_2_4g.a : mac_timer.obj (.text:MAC_PwrNextTimeout)
                  00025538    00000044     driverlib.lib : chipinfo.obj (.text:NOROM_ChipInfo_GetHwRevision)
                  0002557c    00000044     drivers_cc26x2.aem4f : NVSCC26XX.oem4f (.text:NVSCC26XX_read)
                  000255c0    00000044                          : PINCC26XX.oem4f (.text:PIN_swi)
                  00025604    00000044                          : PWM.oem4f (.text:PWM_init)
                  00025648    00000044     libZStack_nwk_zr_ccs.a : rtg.obj (.text:RTG_MTORouteReq)
                  0002568c    00000044     drivers_cc26x2.aem4f : SPI.oem4f (.text:SPI_init)
                  000256d0    00000044                          : UART.oem4f (.text:UART_init)
                  00025714    00000044     zd_app.obj (.text:ZDApp_RestoreNwkKey)
                  00025758    00000044     zd_app.obj (.text:ZDO_JoinConfirmCB)
                  0002579c    00000044     zd_profile.obj (.text:ZDP_MgmtLeaveReq)
                  000257e0    00000044     zd_profile.obj (.text:ZDP_SendData)
                  00025824    00000044     bdb_reporting.obj (.text:bdb_RepLoadCfgRecords$43)
                  00025868    00000044     bdb_reporting.obj (.text:bdb_clusterEndpointArrayUpdateAt$43)
                  000258ac    00000044     maclib_nosecure_cc26x2_2_4g.a : mac_rx_onoff.obj (.text:macRxOffRequest)
                  000258f0    00000044                                   : mac_tx.obj (.text:macTxTimestampCallback)
                  00025934    00000044     libZStack_nwk_zr_ccs.a : nwk_util.obj (.text:nwkHandleBrokenRoute)
                  00025978    00000044                            : rtg.obj (.text:rtgIsValidNeighbor$78)
                  000259bc    00000044     zcl.obj (.text:zclParseInDiscAttrsRspCmd$22)
                  00025a00    00000044     zcl_samplethermostat.obj (.text:zclSampleThermostat_initialization$13)
                  00025a44    00000044     zstacktask.obj (.text:zdoNwkDiscCnfCB$39)
                  00025a88    00000042     drivers_cc26x2.aem4f : SPICC26X2DMA.oem4f (.text:SPICC26X2DMA_swiFxn)
                  00025aca    00000042     zstacktask.obj (.text:gp_CommissioningModeInd$39)
                  00025b0c    00000042     zcl.obj (.text:zclParseInReadReportCfgCmd)
                  00025b4e    00000002     --HOLE-- [fill = 0]
                  00025b50    00000040     libZStack_nwk_zr_ccs.a : aps_mede.obj (.text:APSDE_FrameSend)
                  00025b90    00000040     zstacktask.obj (.text:BDBIdentifyTimesendMsgToAllCBs$39)
                  00025bd0    00000040     cui.obj (.text:CUI_ledOff)
                  00025c10    00000040     libZStack_nwk_zr_ccs.a : nwk_util.obj (.text:NLDE_BuildSrcRtgFrame)
                  00025c50    00000040                            : nwk_util.obj (.text:NLME_IsAddressBroadcast)
                  00025c90    00000040     nvocmp.obj (.text:NVOCMP_compactNvApi$4)
                  00025cd0    00000040     osal_port_timers.obj (.text:OsalPortTimers_getTimerTimeout)
                  00025d10    00000040     drivers_cc26x2.aem4f : PWM.oem4f (.text:PWM_open)
                  00025d50    00000040                          : PowerCC26X2.oem4f (.text:PowerCC26XX_isStableXOSC_HF)
                  00025d90    00000040     libZStack_nwk_zr_ccs.a : rtg.obj (.text:RTG_BcastHold$78)
                  00025dd0    00000040     drivers_cc26x2.aem4f : Random.oem4f (.text:Random_getNumber)
                  00025e10    00000040                          : RingBuf.oem4f (.text:RingBuf_get)
                  00025e50    00000040                          : SPI.oem4f (.text:SPI_open)
                  00025e90    00000040                          : TRNGCC26XX.oem4f (.text:TRNGCC26XX_copyToClient)
                  00025ed0    00000040                          : UART.oem4f (.text:UART_open)
                  00025f10    00000040     zd_sec_mgr.obj (.text:ZDSecMgrUpdateTCAddress)
                  00025f50    00000040     bdb.obj (.text:bdb_SendMsg)
                  00025f90    00000040     bdb.obj (.text:bdb_nwkJoiningFormation$41)
                  00025fd0    00000040     bdb_reporting.obj (.text:bdb_repAttrDefaultCfgRecordsLinkedListSearch$43)
                  00026010    00000040     libZStack_nwk_zr_ccs.a : dgp_stub.obj (.text:gp_DataIndReleaseFromList$63)
                  00026050    00000040     maclib_nosecure_cc26x2_2_4g.a : mac_low_level.obj (.text:macLowLevelYield)
                  00026090    00000040                                   : mac.obj (.text:macRatCb_B)
                  000260d0    00000040                                   : mac_autopend.obj (.text:macSrcMatchSetEnableBit$88)
                  00026110    00000040                                   : mac_symbol_timer.obj (.text:macSymbolTimerRealignIeee)
                  00026150    00000040                                   : mac_symbol_timer.obj (.text:macSymbolTimerSetTrigger)
                  00026190    00000040     rtsv7M4_T_le_v4SPD16_eabi.lib : u_divt2.asm.obj (.text)
                  000261d0    00000040     rom_sysbios.aem4f : rom_sysbios.obj (.text:ti_sysbios_family_arm_cc26xx_Timer_setThreshold__I)
                  00026210    00000040                       : rom_sysbios.obj (.text:ti_sysbios_heaps_HeapCallback_Module_startup__E)
                  00026250    00000040     zcl_port.obj (.text:zclport_readNV)
                  00026290    0000003e     dpl_cc26x2.aem4f : HwiP_tirtos.oem4f (.text:HwiP_construct)
                  000262ce    0000003e     drivers_cc26x2.aem4f : LED.oem4f (.text:LED_setBrightnessLevel)
                  0002630c    0000003e     libZStack_nwk_zr_ccs.a : nl_mede.obj (.text:NLDE_DataReqAlloc)
                  0002634a    0000003e                            : nwk_util.obj (.text:NLDE_ParseFrameControl)
                  00026388    0000003e     osal_port.obj (.text:OsalPort_msgEnqueueMax)
                  000263c6    0000003e     zd_object.obj (.text:ZDO_ProcessParentAnnceRsp)
                  00026404    0000003e     zstacktask.obj (.text:sendTcDeviceInd$39)
                  00026442    00000002     --HOLE-- [fill = 0]
                  00026444    0000003c     libZStack_nwk_zr_ccs.a : assoc_list.obj (.text:AssocChildTableManagement)
                  00026480    0000003c     drivers_cc26x2.aem4f : LED.oem4f (.text:LED_setOff)
                  000264bc    0000003c     maclib_nosecure_cc26x2_2_4g.a : mac_pwr.obj (.text:MAC_PwrOnReq)
                  000264f8    0000003c     osal_port.obj (.text:OsalPort_blockOnEvent)
                  00026534    0000003c     drivers_cc26x2.aem4f : PINCC26XX.oem4f (.text:PIN_setInterrupt)
                  00026570    0000003c                          : PINCC26XX.oem4f (.text:PIN_setOutputValue)
                  000265ac    0000003c     rf_multiMode_cc26x2.aem4f : RFCC26X2_multiMode.c.cc26x2.ccs.o (.text:RF_cmdGet)
                  000265e8    0000003c                               : RFCC26X2_multiMode.c.cc26x2.ccs.o (.text:RF_cmdStoreEvents)
                  00026624    0000003c     libZStack_nwk_zr_ccs.a : rtg.obj (.text:RTG_GetRoutingAddress$78)
                  00026660    0000003c     dpl_cc26x2.aem4f : SwiP_tirtos.oem4f (.text:SwiP_construct)
                  0002669c    0000003c     zd_app.obj (.text:ZDO_LeaveCnf)
                  000266d8    0000003c     zd_sec_mgr.obj (.text:ZDSecMgrApsLinkKeyInit)
                  00026714    0000003c     zd_sec_mgr.obj (.text:ZDSecMgrClearNVKeyValues)
                  00026750    0000003c     zmac.obj (.text:ZMacReset)
                  0002678c    0000003c     zmac.obj (.text:ZMacSetReq)
                  000267c8    0000003c     binding_table.obj (.text:bindFind)
                  00026804    0000003c     drivers_cc26x2.aem4f : NVSCC26XX.oem4f (.text:checkEraseRange)
                  00026840    0000003c     maclib_nosecure_cc26x2_2_4g.a : mac_radio.obj (.text:macRadioStopScan)
                  0002687c    0000003c                                   : mac_timer.obj (.text:macTimerRecalcUnaligned)
                  000268b8    0000003c                                   : mac_tx.obj (.text:macTxUpdateIE)
                  000268f4    0000003c     libZStack_nwk_zr_ccs.a : nwk_util.obj (.text:nwkNeighborAdd)
                  00026930    0000003c                            : nwk_util.obj (.text:nwkNeighborRemoveStranded$76)
                  0002696c    0000003c                            : nwk_bufs.obj (.text:nwk_DeleteDataBufs)
                  000269a8    0000003c     osal_nv.obj (.text:osal_nv_read_ex)
                  000269e4    0000003c     zstacktask.obj (.text:sendZdoConcentratorInd$39)
                  00026a20    0000003c     rom_sysbios.aem4f : rom_sysbios.obj (.text:ti_sysbios_family_arm_m3_Hwi_construct2__E)
                  00026a5c    0000003c     zcl.obj (.text:zclParseInReadCmd)
                  00026a98    0000003c     zcl.obj (.text:zcl_SendDefaultRspCmd)
                  00026ad4    0000003a     zd_object.obj (.text:ZDO_ParseParentAnnce)
                  00026b0e    0000003a     drivers_cc26x2.aem4f : NVSSPI25X.oem4f (.text:checkEraseRange)
                  00026b48    0000003a     zcl.obj (.text:zcl_ReadAttrData)
                  00026b82    00000002     --HOLE-- [fill = 0]
                  00026b84    00000038     cui.obj (.text:CUI_menuActionNavigate$9)
                  00026bbc    00000038     driverlib.lib : osc.obj (.text:NOROM_OSC_HPOSCRelativeFrequencyOffsetGet)
                  00026bf4    00000038     nvocmp.obj (.text:NVOCMP_findPage$4)
                  00026c2c    00000038     drivers_cc26x2.aem4f : PINCC26XX.oem4f (.text:PIN_setConfig)
                  00026c64    00000038     rf_multiMode_cc26x2.aem4f : RFCC26X2_multiMode.c.cc26x2.ccs.o (.text:RF_checkCmdFsError)
                  00026c9c    00000038                               : RFCC26X2_multiMode.c.cc26x2.ccs.o (.text:RF_powerConstraintRelease)
[...]
20004db8  pRfMode                                                         
20004dbc  pRfPowerTable                                                   
20004dc0  pMaxPower                                                       
20004dc4  RF_handle                                                       
20004dc8  macPhyTxPower                                                   
20004dd0  RF_params                                                       
20004df0  ZDNwkMgr_TaskID                                                 
20004df1  ZDNwkMgr_MgmtNwkUpdateNotifyTransSeq                            
20004df2  ZDNwkMgr_NumUpdateNotifySent                                    
20004df3  ZDNwkMgr_WaitingForNotifyConfirm                                
20004df4  ZDNwkMgr_NewChannel                                             
20004df6  ZDNwkMgr_UpdateNotifyTimer                                      
20004df8  ZDNwkMgr_TotalTransmissions                                     
20004dfa  ZDNwkMgr_TxFailures                                             
20004dfc  pZDNwkMgr_ProcessDataConfirm                                    
20004e00  pZDNwkMgr_ReportChannelInterference                             
20004e04  pZDNwkMgr_EDScanConfirmCB                                       
20004e08  pZDNwkMgr_NetworkReportCB                                       
20004e0c  pZDNwkMgr_NetworkUpdateCB                                       
20004e10  ZDNwkMgr_MgmtNwkUpdateNotifyAddr                                
20004e1c  ZDNwkMgr_MgmtNwkUpdateReq                                       
20004e28  ti_sysbios_gates_GateMutex_Object__table__V                     
20004e60  macBeaconPayload                                                
20004e94  pMacDataTx                                                      
20004e98  macDataTxIndirect                                               
20004e9c  macDataRequeueIndirect                                          
20004ea0  macDataRxBeaconCritical                                         
20004ea4  macDataTxBeaconComplete                                         
20004ea8  macDataSetSched                                                 
20004eac  macDataCheckSched                                               
20004eb0  macDataCheckTxTime                                              
20004eb4  macDataBeaconRequeue                                            
20004eb8  csmPhy                                                          
20004ebc  macTimerRollover                                                
20004ec0  macTimerNewRollover                                             
20004ec4  ti_sysbios_knl_Swi_Module_State_0_readyQ__A                     
20004ef4  ti_sysbios_knl_Swi_Object__table__V                             
20004f24  ti_sysbios_knl_Task_Module_State_0_readyQ__A                    
20004f54  zclSampleThermostat_SystemMode                                  
20004f55  zclSampleThermostat_PhysicalEnvironment                         
20004f56  zclSampleThermostat_ControlSequenceOfOperation                  
20004f58  zclSampleThermostat_IdentifyTime                                
20004f5a  zclSampleThermostat_OccupiedCoolingSetpoint                     
20004f5c  zclSampleThermostat_OccupiedHeatingSetpoint                     
20004f5e  zclSampleThermostat_LocalTemperature                            
20004f60  zclSampleThermostat_AbsMinHeatSetpointLimit                     
20004f62  zclSampleThermostat_AbsMaxHeatSetpointLimit                     
20004f64  zclSampleThermostat_AbsMinCoolSetpointLimit                     
20004f66  zclSampleThermostat_AbsMaxCoolSetpointLimit                     
20004f68  zclSampleThermostat_SimpleDesc                                  
20004f7c  macSpecUsecsPerSymbol                                           
20004f80  macPrevPeriodRatCount                                           
20004f84  macSymbolTimerRollover                                          
20004f88  macSymbolTimerTrigger                                           
20004fc8  macTxSlottedDelayFactor                                         
20004fc9  macTxType                                                       
20004fca  macTxBe                                                         
20004fcb  macTxGpInterframeDelay                                          
20004fcc  txAckReq                                                        
20004fcf  txSeqn                                                          
20004fd1  numTx                                                           
20004fd2  macTxCsmaBackoffDelay                                           
20004fd4  macCsmaRtcTimerId                                               
20004fd8  macAckDbg                                                       
20004fec  macActionSet                                                    
20005010  bdbIndentifyActiveEndpoint                                      
20005014  pfnIdentifyTimeChangeCB                                         
20005018  pfnBindNotificationCB                                           
2000501c  bdb_FindingBindingTargetSimpleDesc                              
20005034  pbindAddEntry                                                   
20005038  pbindNumOfEntries                                               
2000503c  pbindRemoveDev                                                  
20005040  pBindInitNV                                                     
20005044  pBindSetDefaultNV                                               
20005048  pBindRestoreFromNV                                              
2000504c  pBindWriteNV                                                    
20005070  ti_sysbios_knl_Clock_Object__table__V                           
20005090  xdc_runtime_Error_IgnoreBlock                                   
200050b0  zcl_radius                                                      
200050b1  zcl_InSeqNum                                                    
200050b2  zcl_TransID                                                     
200050b4  zcl_ValidateAttrDataCB                                          
200050cc  gp_TaskID                                                       
200050d0  GP_DataCnfGCB                                                   
200050d4  GP_stopCommissioningModeGCB                                     
200050d8  GP_DataIndGCB                                                   
200050dc  GP_SecReqGCB                                                    
200050e0  GP_CheckAnnouncedDeviceGCB                                      
200050e4  GP_expireDuplicateFilteringGCB                                  
200050e8  txCmdHandle                                                     
200050ea  macRadioAckIeeeFrame                                            
200050f0  macAIFSTimer                                                    
20005100  ti_sysbios_family_arm_m3_Hwi_Object__table__V                   
20005130  zgGP_ProxyCommissioningMode                                     
20005131  gpTempMaster                                                    
20005132  gp_commissioningOptions                                         
20005133  gp_unicastCommunication                                         
20005134  gp_OperationalChannel                                           
20005136  gp_commissionerAddress                                          
20005144  NLME_AssocPermission                                            
20005145  NLME_PermitJoining                                              
20005148  NLME_ScanFields                                                 
2000514c  pnwk_ScanPANChanSelect                                          
20005150  pnwk_ScanPANChanVerify                                          
20005154  pNLME_NetworkFormationConfirm                                   
2000515a  nwkFrameCounterChanges                                          
2000515c  nwkFrameCounter                                                 
20005160  distributedFrameCounter                                         
2000516c  gpioCallbackFunctions                                           
20005180  gpioPinConfigs                                                  
20005194  macStateTbl                                                     
200051c8  macCfg                                                          
200051f8  APSF_taskID                                                     
20005200  pAPSF_IgnoreBlock                                               
2000520c  pClockHandleEDScan                                              
2000521c  pOverrides_ieee154                                              
20005228  ti_sysbios_heaps_HeapCallback_Object__table__V                  
20005244  maxSupportedEndpoints                                           
20005245  nwkUseMultiCast                                                 
2000524c  AF_DataRequestDiscoverRoute                                     
20005250  epList                                                          
2000525c  nwkDataBufQueue                                                 
2000526c  gpTxOffset                                                      
20005270  gp_macReq                                                       
20005274  _lock                                                           
20005278  _unlock                                                         
2000527c  pinUpperBound                                                   
20005280  pinLowerBound                                                   
2000528c  lastRatChanA                                                    
2000528d  lastRatChanB                                                    
2000528e  macRxCmdActive                                                  
2000528f  macTxCmdActive                                                  
20005290  macFsCmdActive                                                  
20005291  numRfCmd                                                        
20005292  numRxCmd                                                        
20005293  numRxPostCmd                                                    
20005294  ti_sysbios_family_arm_m3_Hwi_Module__root__V                    
2000529c  ti_sysbios_gates_GateHwi_Module__root__V                        
200052a4  ti_sysbios_gates_GateMutexPri_Module__root__V                   
200052ac  ti_sysbios_gates_GateMutex_Module__root__V                      
200052b4  ti_sysbios_hal_Hwi_Module__root__V                              
200052bc  ti_sysbios_heaps_HeapCallback_Module__root__V                   
200052c4  ti_sysbios_heaps_HeapMem_Module__root__V                        
200052cc  ti_sysbios_knl_Clock_Module__root__V                            
200052d4  ti_sysbios_knl_Event_Module__root__V                            
200052dc  ti_sysbios_knl_Mailbox_Module__root__V                          
200052e4  ti_sysbios_knl_Queue_Module__root__V                            
200052ec  ti_sysbios_knl_Semaphore_Module__root__V                        
200052f4  ti_sysbios_knl_Swi_Module__root__V                              
200052fc  ti_sysbios_knl_Task_Module__root__V                             
20005304  zTouchLinkNwkStartRtr                                           
20005306  zgNwkCommissionedNwkAddr                                        
20005308  zgStartDelay                                                    
20005309  zgZdoDirectCB                                                   
2000530a  zgNwkMgrMode                                                    
2000530b  zgSapiEndpoint                                                  
20005314  macSrcMatchIsAckAllPending                                      
20005315  macSrcResIndex                                                  
20005320  apsGroupTable                                                   
20005324  macRadioYielded                                                 
20005325  bInSwi                                                          
20005326  macTxSlottedDelay                                               
20005327  macSrcMatchIsEnabled                                            
20005328  macTasksEvents                                                  
2000532c  main_func_sp                                                    
20005330  ti_sysbios_family_arm_m3_Hwi_Module_State_0_excContext__A       
20005334  ti_sysbios_family_arm_m3_Hwi_Module_State_0_excStack__A         
20005338  ti_sysbios_knl_Task_Module_State_0_idleTask__A                  
2000533c  CryptoResourceCC26XX_pollingFlag                                
20005340  ti_sysbios_family_arm_m3_Hwi_Module_State_0_excActive__A        
20005348  macSleepState                                                   
200057a0  ti_sysbios_knl_Task_Instance_State_0_stack__A                   
200059a0  uartCC26XXObjects                                               
20005acc  enhancedAckBuf                                                  
20005bc8  ti_sysbios_family_arm_m3_Hwi_dispatchTable                      
20005ca0  spiCC26X2DMAObjects                                             
20005d74  rreqCounter                                                     
20005e20  macPib                                                          
20005ea8  bdb_reportingClusterEndpointArrayCount                          
20005ea9  bdb_reportingNextClusterEndpointIndex                           
20005eaa  bdb_reportingAttrCfgRecordsArrayCount                           
20005eab  bdb_reportingAttrCfgRecordsArrayMaxSize                         
20005eac  bdb_reportingAcceptDefaultConfs                                 
20005eae  bdb_reportingNextEventTimeout                                   
20005eb0  gAttrDataValue                                                  
20005eb4  bdb_reportingAttrCfgRecordsArray                                
20005eb8  attrDefaultCfgRecordLinkedList                                  
20005ec0  bdb_reportingClusterEndpointArray                               
20005f24  pinHandleTable                                                  
20005fa0  LEDObjects                                                      
20006018  macScan                                                         
2000606c  ButtonObjects                                                   
200060bc  trngCC26XXObjects                                               
20006148  macBeaconCoord                                                  
20006184  macDeviceAction1                                                
200061f0  macBeaconDevice                                                 
20006224  macCoord                                                        
20006250  macDevice                                                       
2000627c  macMgmtAction1                                                  
200062a4  macRxFilter                                                     
200062a5  rxPromiscuousMode                                               
200062a8  rxSeqNum                                                        
200062b0  macRxDataEntryOffset                                            
200062b4  rxRadioBufferPtr                                                
200062c0  macRxDataEntryQueue                                             
20006328  macBeacon                                                       
20006348  udmaCC26XXObject                                                
200063f4  CryptoResourceCC26XX_accessSemaphore                            
20006410  CryptoResourceCC26XX_hwi                                        
2000642c  CryptoResourceCC26XX_operationSemaphore                         
20006448  macCoordAction2                                                 
20006464  macReset                                                        
20006480  aesccmCC26XXObjects                                             
20006498  aesecbCC26XXObjects                                             
200064b0  macScanAction                                                   
200064c8  ZDO_Config_Power_Descriptor                                     
200064cc  ZDO_Config_Node_Descriptor                                      
20006504  macDeviceAction2                                                
20006518  macMgmtAction2                                                  
2000653c  macBeaconDeviceAction                                           
2000654c  macCoordAction3                                                 
2000655c  macData                                                         
2000656c  macDataTxDelay                                                  
200065a0  macMain                                                         
200065ac  nvsSPI25XObjects                                                
200065c0  macBeaconCoordAction1                                           
200065c8  macCoordAction1                                                 
200065d8  ClockP_tickPeriod                                               
200065dc  FH_test_var                                                     
200065e0  PowerCC26XX_swiKey                                              
200065e4  PowerCC26XX_taskKey                                             
200065e8  _ScanChannels                                                   
200065ec  macTimerActive                                                  
200065f0  nvsCC26XXObjects                                                
200065f4  timerAlignedQ                                                   
200065f8  timerUnalignedQ                                                 
200065fe  driverlib_release_0_55938                                       
200065ff  macMgmt                                                         
20006600  macPanCoordinator                                               
20006601  macPhyChannel                                                   
20006602  macPwr                                                          
20006603  macRxActive                                                     
20006604  macRxEnableFlags                                                
20006605  macRxOutgoingAckFlag                                            
20006606  macSymbolTimerImpending                                         
20006607  macTaskId                                                       
20006608  macTxActive                                                     
20006609  macUnitBackoffPeriod                                            
2000660a  rxFhRsl                                                         
2000660b  stackServiceTaskId                                              
2000660c  heapStart                                                       
20013a00  __stack                                                         
20013a00  heapEnd                                                         
20014000  __STACK_END                                                     
20014000  __STACK_TOP                                                     
e000e000  ti_sysbios_family_arm_m3_Hwi_nvic                               
ffffffff  __TI_pprof_out_hndl                                             
ffffffff  __TI_prof_data_size                                             
ffffffff  __TI_prof_data_start                                            
ffffffff  __binit__                                                       
ffffffff  __c_args__                                                      
ffffffff  binit                                                           
UNDEFED   PWM_config                                                      
UNDEFED   PWM_count                                                       
UNDEFED   SHT$$INIT_ARRAY$$Base                                           
UNDEFED   SHT$$INIT_ARRAY$$Limit                                          

[2549 symbols]
